 CaLua

 Timestamp is 485b7153 (Fri Jun 20 16:58:59 2008)

 Preferred load address is 10000000

 Start         Length     Name                   Class
 0001:00000000 00044d2cH .text                   CODE
 0002:00000000 00000178H .idata$5                DATA
 0002:00000180 0000b288H .rdata                  DATA
 0002:0000b408 0000005dH .rdata$debug            DATA
 0002:0000b470 00000008H .rdata$sxdata           DATA
 0002:0000b478 00000004H .rtc$IAA                DATA
 0002:0000b47c 00000028H .rtc$IMZ                DATA
 0002:0000b4a4 00000004H .rtc$IZZ                DATA
 0002:0000b4a8 00000004H .rtc$TAA                DATA
 0002:0000b4ac 00000028H .rtc$TMZ                DATA
 0002:0000b4d4 00000004H .rtc$TZZ                DATA
 0002:0000b4d8 00000014H .idata$2                DATA
 0002:0000b4ec 00000014H .idata$3                DATA
 0002:0000b500 00000178H .idata$4                DATA
 0002:0000b678 000006aaH .idata$6                DATA
 0002:0000bd30 0000015dH .edata                  DATA
 0003:00000000 00000004H .CRT$XCA                DATA
 0003:00000004 00000004H .CRT$XCAA               DATA
 0003:00000008 00000004H .CRT$XCZ                DATA
 0003:0000000c 00000004H .CRT$XIA                DATA
 0003:00000010 00000014H .CRT$XIC                DATA
 0003:00000024 00000004H .CRT$XIZ                DATA
 0003:00000028 00000004H .CRT$XPA                DATA
 0003:0000002c 00000008H .CRT$XPX                DATA
 0003:00000034 00000004H .CRT$XPZ                DATA
 0003:00000038 00000004H .CRT$XTA                DATA
 0003:0000003c 00000004H .CRT$XTZ                DATA
 0003:00000040 00003fdcH .data                   DATA
 0003:00004020 00001ca4H .bss                    DATA

  Address         Publics by Value              Rva+Base     Lib:Object

 0000:00000000       __except_list              00000000     <absolute>
 0000:00000002       ___safe_se_handler_count   00000002     <absolute>
 0001:00000000       _CLU_AVL_Node_Create       10001000 f   CaLua_avltree.obj
 0001:00000070       _CLU_AVL_Node_Destroy      10001070 f   CaLua_avltree.obj
 0001:00000100       _avlrotleft                10001100 f   CaLua_avltree.obj
 0001:00000140       _avlrotright               10001140 f   CaLua_avltree.obj
 0001:00000180       _avlleftgrown              10001180 f   CaLua_avltree.obj
 0001:000002b0       _avlrightgrown             100012b0 f   CaLua_avltree.obj
 0001:000003e0       _avlleftshrunk             100013e0 f   CaLua_avltree.obj
 0001:00000550       _avlrightshrunk            10001550 f   CaLua_avltree.obj
 0001:000006b0       _avlfindhighest            100016b0 f   CaLua_avltree.obj
 0001:000007e0       _avlfindlowest             100017e0 f   CaLua_avltree.obj
 0001:00000910       _CLU_AVL_Create            10001910 f   CaLua_avltree.obj
 0001:00000970       _CLU_AVL_Destroy_Rec       10001970 f   CaLua_avltree.obj
 0001:000009f0       _CLU_AVL_Destroy           100019f0 f   CaLua_avltree.obj
 0001:00000ac0       _CLU_AVL_Insert_Rec        10001ac0 f   CaLua_avltree.obj
 0001:00000bd0       _CLU_AVL_Insert            10001bd0 f   CaLua_avltree.obj
 0001:00000c00       _CLU_AVL_Remove_Rec        10001c00 f   CaLua_avltree.obj
 0001:00000dc0       _CLU_AVL_Remove            10001dc0 f   CaLua_avltree.obj
 0001:00000df0       _CLU_AVL_Access_Rec        10001df0 f   CaLua_avltree.obj
 0001:00000e90       _CLU_AVL_Access            10001e90 f   CaLua_avltree.obj
 0001:00000ec0       _CLU_AVL_MinList_Rec       10001ec0 f   CaLua_avltree.obj
 0001:00000f40       _CLU_AVL_MinList           10001f40 f   CaLua_avltree.obj
 0001:00000fa0       _CLU_AVL_MaxList_Rec       10001fa0 f   CaLua_avltree.obj
 0001:00001020       _CLU_AVL_MaxList           10002020 f   CaLua_avltree.obj
 0001:00001080       _To4ByteBoundary           10002080 f   CaLua_function.obj
 0001:000010b0       _FreeStackData             100020b0 f   CaLua_function.obj
 0001:00001180       _FreeCStack                10002180 f   CaLua_function.obj
 0001:000011d0       _PrepareStack              100021d0 f   CaLua_function.obj
 0001:00001480       _ParseReturnArgument       10002480 f   CaLua_function.obj
 0001:00001620       _CLU_Hash_Key_Create       10002620 f   CaLua_hash.obj
 0001:00001640       _CLU_Hash_Key_Destroy      10002640 f   CaLua_hash.obj
 0001:00001680       _CLU_Hash_Key_Cmp          10002680 f   CaLua_hash.obj
 0001:000016a0       _CLU_LUNode_Create         100026a0 f   CaLua_hash.obj
 0001:000016e0       _CLU_LUNode_Destroy        100026e0 f   CaLua_hash.obj
 0001:00001720       _CLU_InitError             10002720 f   CaLua_helper.obj
 0001:000017c0       _CLU_ShutdownError         100027c0 f   CaLua_helper.obj
 0001:000017f0       _CLU_Error                 100027f0 f   CaLua_helper.obj
 0001:000018a0       _CLU_Calloc                100028a0 f   CaLua_helper.obj
 0001:000018c0       _CLU_Malloc                100028c0 f   CaLua_helper.obj
 0001:000018e0       _CLU_Free                  100028e0 f   CaLua_helper.obj
 0001:00001900       _CLU_ExpandBuffer          10002900 f   CaLua_helper.obj
 0001:000019e0       _CLU_InsertBuffer          100029e0 f   CaLua_helper.obj
 0001:00001aa0       _CLU_SnipBuffer            10002aa0 f   CaLua_helper.obj
 0001:00001b50       _CLU_String_Copy           10002b50 f   CaLua_helper.obj
 0001:00001bd0       _CLU_String_Concat         10002bd0 f   CaLua_helper.obj
 0001:00001c50       _Handler                   10002c50 f   CaLua_luafuncs.obj
 0001:00001da0       _LuaFree                   10002da0 f   CaLua_luafuncs.obj
 0001:00001ec0       _Array_Destroy             10002ec0 f   CaLua_luafuncs.obj
 0001:00001fa0       _PopInitArrayTable         10002fa0 f   CaLua_luafuncs.obj
 0001:00002130       _Array_Create              10003130 f   CaLua_luafuncs.obj
 0001:00002420       _Array_Get                 10003420 f   CaLua_luafuncs.obj
 0001:00002610       _Array_Insert              10003610 f   CaLua_luafuncs.obj
 0001:000028b0       _Array_Append              100038b0 f   CaLua_luafuncs.obj
 0001:00002980       _Array_CharToString        10003980 f   CaLua_luafuncs.obj
 0001:00002a00       _Array_Delete              10003a00 f   CaLua_luafuncs.obj
 0001:00002b60       _Array_InsertArray         10003b60 f   CaLua_luafuncs.obj
 0001:00002d30       _LUD_To_Number             10003d30 f   CaLua_luafuncs.obj
 0001:00002f50       _LUD_To_String             10003f50 f   CaLua_luafuncs.obj
 0001:00002fa0       _LUD_To_Table              10003fa0 f   CaLua_luafuncs.obj
 0001:00003020       _Table_To_LUD              10004020 f   CaLua_luafuncs.obj
 0001:000030f0       _String_To_LUD             100040f0 f   CaLua_luafuncs.obj
 0001:00003140       _Number_To_LUD             10004140 f   CaLua_luafuncs.obj
 0001:00003450       _UpdateLUD                 10004450 f   CaLua_luafuncs.obj
 0001:00003540       _CLU_Init                  10004540 f   CaLua_main.obj
 0001:00003bf0       _CLU_ShutdownState         10004bf0 f   CaLua_main.obj
 0001:00004040       _CLU_Shutdown              10005040 f   CaLua_main.obj
 0001:000040a0       _CLU_LoadScript            100050a0 f   CaLua_main.obj
 0001:00004150       _CLU_DllFree               10005150 f   CaLua_main.obj
 0001:00004180       _CLU_GetVirtualMachine     10005180 f   CaLua_main.obj
 0001:00004190       _CLU_GetCurrentState       10005190 f   CaLua_main.obj
 0001:000041a0       _CLU_CallScriptFunction    100051a0 f   CaLua_main.obj
 0001:000044f0       _CLU_RegisterStructure     100054f0 f   CaLua_main.obj
 0001:000048c0       _CLU_RegisterFunction      100058c0 f   CaLua_main.obj
 0001:00004ba0       _GetFunctionIndex          10005ba0 f   CaLua_parser.obj
 0001:00004bf0       _GetTableIndex             10005bf0 f   CaLua_parser.obj
 0001:00004c40       _GetToken                  10005c40 f   CaLua_parser.obj
 0001:00004d50       _GetNumberOfTokens         10005d50 f   CaLua_parser.obj
 0001:00004dd0       _IsPointer                 10005dd0 f   CaLua_parser.obj
 0001:00004e00       _GetDataType               10005e00 f   CaLua_parser.obj
 0001:00004f30       _ParseDataType             10005f30 f   CaLua_parser.obj
 0001:00004fb0       _ParseDataName             10005fb0 f   CaLua_parser.obj
 0001:00005010       _GetDataSize               10006010 f   CaLua_parser.obj
 0001:000050c0       _PopRegTable               100060c0 f   CaLua_stack.obj
 0001:00005520       _PopValuesBySig            10006520 f   CaLua_stack.obj
 0001:00005a10       _PushStructure             10006a10 f   CaLua_stack.obj
 0001:00005ca0       _ConvertLuaStackData       10006ca0 f   CaLua_stack.obj
 0001:00006540       _CToLuaData                10007540 f   CaLua_stack.obj
 0001:000066e0       _NextAlignment             100076e0 f   CaLua_structure.obj
 0001:00006770       _Pack                      10007770 f   CaLua_structure.obj
 0001:00006890       _ComputeStructureAlignment 10007890 f   CaLua_structure.obj
 0001:00006a50       _ComputeStructureSize      10007a50 f   CaLua_structure.obj
 0001:00006ac0       _PushVM                    10007ac0 f   CaLua_vmstack.obj
 0001:00006b00       _PopVM                     10007b00 f   CaLua_vmstack.obj
 0001:00006b60       _SaveNewState              10007b60 f   CaLua_vmstack.obj
 0001:00006ca0       _UpdateState               10007ca0 f   CaLua_vmstack.obj
 0001:00006d40       _CLU_LoadState             10007d40 f   CaLua_vmstack.obj
 0001:00006e30       _ClearState                10007e30 f   CaLua_vmstack.obj
 0001:00007a00       _luaopen_debug             10008a00 f   lualib:ldblib.obj
 0001:000080f0       _luaopen_math              100090f0 f   lualib:lmathlib.obj
 0001:00009b60       _luaopen_string            1000ab60 f   lualib:lstrlib.obj
 0001:0000b520       _luaopen_io                1000c520 f   lualib:liolib.obj
 0001:0000c0b0       _luaopen_table             1000d0b0 f   lualib:ltablib.obj
 0001:0000d3d0       _luaopen_base              1000e3d0 f   lualib:lbaselib.obj
 0001:0000d420       _luaL_where                1000e420 f   lualib:lauxlib.obj
 0001:0000d4b0       _luaL_error                1000e4b0 f   lualib:lauxlib.obj
 0001:0000d4e0       _luaL_findstring           1000e4e0 f   lualib:lauxlib.obj
 0001:0000d540       _luaL_newmetatable         1000e540 f   lualib:lauxlib.obj
 0001:0000d5c0       _luaL_getmetatable         1000e5c0 f   lualib:lauxlib.obj
 0001:0000d5e0       _luaL_checkudata           1000e5e0 f   lualib:lauxlib.obj
 0001:0000d670       _luaL_checkstack           1000e670 f   lualib:lauxlib.obj
 0001:0000d6a0       _luaL_getmetafield         1000e6a0 f   lualib:lauxlib.obj
 0001:0000d700       _luaL_callmeta             1000e700 f   lualib:lauxlib.obj
 0001:0000d760       _luaL_openlib              1000e760 f   lualib:lauxlib.obj
 0001:0000d910       _luaL_setn                 1000e910 f   lualib:lauxlib.obj
 0001:0000da00       _luaL_getn                 1000ea00 f   lualib:lauxlib.obj
 0001:0000dbd0       _luaL_prepbuffer           1000ebd0 f   lualib:lauxlib.obj
 0001:0000dc10       _luaL_addlstring           1000ec10 f   lualib:lauxlib.obj
 0001:0000dc70       _luaL_addstring            1000ec70 f   lualib:lauxlib.obj
 0001:0000dca0       _luaL_pushresult           1000eca0 f   lualib:lauxlib.obj
 0001:0000dcf0       _luaL_addvalue             1000ecf0 f   lualib:lauxlib.obj
 0001:0000dd90       _luaL_buffinit             1000ed90 f   lualib:lauxlib.obj
 0001:0000ddb0       _luaL_ref                  1000edb0 f   lualib:lauxlib.obj
 0001:0000de80       _luaL_unref                1000ee80 f   lualib:lauxlib.obj
 0001:0000df70       _luaL_loadfile             1000ef70 f   lualib:lauxlib.obj
 0001:0000e180       _luaL_loadbuffer           1000f180 f   lualib:lauxlib.obj
 0001:0000e250       _lua_dofile                1000f250 f   lualib:lauxlib.obj
 0001:0000e290       _lua_dobuffer              1000f290 f   lualib:lauxlib.obj
 0001:0000e2f0       _lua_dostring              1000f2f0 f   lualib:lauxlib.obj
 0001:0000e320       _luaL_argerror             1000f320 f   lualib:lauxlib.obj
 0001:0000e400       _luaL_typerror             1000f400 f   lualib:lauxlib.obj
 0001:0000e480       _luaL_checktype            1000f480 f   lualib:lauxlib.obj
 0001:0000e4d0       _luaL_checkany             1000f4d0 f   lualib:lauxlib.obj
 0001:0000e500       _luaL_checklstring         1000f500 f   lualib:lauxlib.obj
 0001:0000e570       _luaL_optlstring           1000f570 f   lualib:lauxlib.obj
 0001:0000e5d0       _luaL_checknumber          1000f5d0 f   lualib:lauxlib.obj
 0001:0000e650       _luaL_optnumber            1000f650 f   lualib:lauxlib.obj
 0001:0000e710       _luaA_pushobject           1000f710 f   lua50:lapi.obj
 0001:0000e750       _lua_checkstack            1000f750 f   lua50:lapi.obj
 0001:0000e7b0       _lua_xmove                 1000f7b0 f   lua50:lapi.obj
 0001:0000e810       _lua_atpanic               1000f810 f   lua50:lapi.obj
 0001:0000e830       _lua_newthread             1000f830 f   lua50:lapi.obj
 0001:0000e870       _lua_gettop                1000f870 f   lua50:lapi.obj
 0001:0000e880       _lua_settop                1000f880 f   lua50:lapi.obj
 0001:0000e8e0       _lua_remove                1000f8e0 f   lua50:lapi.obj
 0001:0000e940       _lua_insert                1000f940 f   lua50:lapi.obj
 0001:0000e9a0       _lua_replace               1000f9a0 f   lua50:lapi.obj
 0001:0000e9f0       _lua_pushvalue             1000f9f0 f   lua50:lapi.obj
 0001:0000ea30       _lua_type                  1000fa30 f   lua50:lapi.obj
 0001:0000ea60       _lua_typename              1000fa60 f   lua50:lapi.obj
 0001:0000ea80       _lua_iscfunction           1000fa80 f   lua50:lapi.obj
 0001:0000eac0       _lua_isnumber              1000fac0 f   lua50:lapi.obj
 0001:0000eb10       _lua_isstring              1000fb10 f   lua50:lapi.obj
 0001:0000eb50       _lua_isuserdata            1000fb50 f   lua50:lapi.obj
 0001:0000eb90       _lua_rawequal              1000fb90 f   lua50:lapi.obj
 0001:0000ec00       _lua_equal                 1000fc00 f   lua50:lapi.obj
 0001:0000ec80       _lua_lessthan              1000fc80 f   lua50:lapi.obj
 0001:0000ecf0       _lua_tonumber              1000fcf0 f   lua50:lapi.obj
 0001:0000ed40       _lua_toboolean             1000fd40 f   lua50:lapi.obj
 0001:0000ed80       _lua_tostring              1000fd80 f   lua50:lapi.obj
 0001:0000edf0       _lua_strlen                1000fdf0 f   lua50:lapi.obj
 0001:0000ee50       _lua_tocfunction           1000fe50 f   lua50:lapi.obj
 0001:0000ee90       _lua_touserdata            1000fe90 f   lua50:lapi.obj
 0001:0000eed0       _lua_tothread              1000fed0 f   lua50:lapi.obj
 0001:0000ef00       _lua_topointer             1000ff00 f   lua50:lapi.obj
 0001:0000ef70       _lua_pushnil               1000ff70 f   lua50:lapi.obj
 0001:0000ef90       _lua_pushnumber            1000ff90 f   lua50:lapi.obj
 0001:0000efb0       _lua_pushlstring           1000ffb0 f   lua50:lapi.obj
 0001:0000f000       _lua_pushstring            10010000 f   lua50:lapi.obj
 0001:0000f070       _lua_pushvfstring          10010070 f   lua50:lapi.obj
 0001:0000f0a0       _lua_pushfstring           100100a0 f   lua50:lapi.obj
 0001:0000f0d0       _lua_pushcclosure          100100d0 f   lua50:lapi.obj
 0001:0000f160       _lua_pushboolean           10010160 f   lua50:lapi.obj
 0001:0000f190       _lua_pushlightuserdata     10010190 f   lua50:lapi.obj
 0001:0000f1b0       _lua_gettable              100101b0 f   lua50:lapi.obj
 0001:0000f200       _lua_rawget                10010200 f   lua50:lapi.obj
 0001:0000f250       _lua_rawgeti               10010250 f   lua50:lapi.obj
 0001:0000f2a0       _lua_newtable              100102a0 f   lua50:lapi.obj
 0001:0000f2e0       _lua_getmetatable          100102e0 f   lua50:lapi.obj
 0001:0000f350       _lua_getfenv               10010350 f   lua50:lapi.obj
 0001:0000f3a0       _lua_settable              100103a0 f   lua50:lapi.obj
 0001:0000f3e0       _lua_rawset                100103e0 f   lua50:lapi.obj
 0001:0000f440       _lua_rawseti               10010440 f   lua50:lapi.obj
 0001:0000f4a0       _lua_setmetatable          100104a0 f   lua50:lapi.obj
 0001:0000f510       _lua_setfenv               10010510 f   lua50:lapi.obj
 0001:0000f580       _lua_call                  10010580 f   lua50:lapi.obj
 0001:0000f5c0       _lua_pcall                 100105c0 f   lua50:lapi.obj
 0001:0000f6c0       _lua_cpcall                100106c0 f   lua50:lapi.obj
 0001:0000f700       _lua_load                  10010700 f   lua50:lapi.obj
 0001:0000f760       _lua_dump                  10010760 f   lua50:lapi.obj
 0001:0000f7b0       _lua_getgcthreshold        100107b0 f   lua50:lapi.obj
 0001:0000f7c0       _lua_getgccount            100107c0 f   lua50:lapi.obj
 0001:0000f7d0       _lua_setgcthreshold        100107d0 f   lua50:lapi.obj
 0001:0000f810       _lua_version               10010810 f   lua50:lapi.obj
 0001:0000f820       _lua_error                 10010820 f   lua50:lapi.obj
 0001:0000f830       _lua_next                  10010830 f   lua50:lapi.obj
 0001:0000f880       _lua_concat                10010880 f   lua50:lapi.obj
 0001:0000f900       _lua_newuserdata           10010900 f   lua50:lapi.obj
 0001:0000f950       _lua_pushupvalues          10010950 f   lua50:lapi.obj
 0001:0000fa20       _lua_getupvalue            10010a20 f   lua50:lapi.obj
 0001:0000fa60       _lua_setupvalue            10010a60 f   lua50:lapi.obj
 0001:0000fd80       _luaE_newthread            10010d80 f   lua50:lstate.obj
 0001:0000fe00       _luaE_freethread           10010e00 f   lua50:lstate.obj
 0001:0000fe50       _lua_open                  10010e50 f   lua50:lstate.obj
 0001:0000fee0       _lua_close                 10010ee0 f   lua50:lstate.obj
 0001:0000ffb0       _luaG_inithooks            10010fb0 f   lua50:ldebug.obj
 0001:0000fff0       _lua_sethook               10010ff0 f   lua50:ldebug.obj
 0001:00010030       _lua_gethook               10011030 f   lua50:ldebug.obj
 0001:00010040       _lua_gethookmask           10011040 f   lua50:ldebug.obj
 0001:00010050       _lua_gethookcount          10011050 f   lua50:ldebug.obj
 0001:00010060       _lua_getstack              10011060 f   lua50:ldebug.obj
 0001:00010100       _lua_getlocal              10011100 f   lua50:ldebug.obj
 0001:00010180       _lua_setlocal              10011180 f   lua50:ldebug.obj
 0001:000107a0       _luaG_checkcode            100117a0 f   lua50:ldebug.obj
 0001:00010a60       _luaG_errormsg             10011a60 f   lua50:ldebug.obj
 0001:00010af0       _luaG_runerror             10011af0 f   lua50:ldebug.obj
 0001:00010c50       _lua_getinfo               10011c50 f   lua50:ldebug.obj
 0001:00010d10       _luaG_typeerror            10011d10 f   lua50:ldebug.obj
 0001:00010da0       _luaG_concaterror          10011da0 f   lua50:ldebug.obj
 0001:00010dc0       _luaG_aritherror           10011dc0 f   lua50:ldebug.obj
 0001:00010e00       _luaG_ordererror           10011e00 f   lua50:ldebug.obj
 0001:00010ee0       _luaD_throw                10011ee0 f   lua50:ldo.obj
 0001:00010f20       _luaD_rawrunprotected      10011f20 f   lua50:ldo.obj
 0001:00011000       _luaD_reallocstack         10012000 f   lua50:ldo.obj
 0001:00011050       _luaD_reallocCI            10012050 f   lua50:ldo.obj
 0001:000110c0       _luaD_growstack            100120c0 f   lua50:ldo.obj
 0001:00011180       _luaD_callhook             10012180 f   lua50:ldo.obj
 0001:00011430       _luaD_precall              10012430 f   lua50:ldo.obj
 0001:00011630       _luaD_poscall              10012630 f   lua50:ldo.obj
 0001:000116b0       _luaD_call                 100126b0 f   lua50:ldo.obj
 0001:000117f0       _lua_yield                 100127f0 f   lua50:ldo.obj
 0001:00011950       _luaD_protectedparser      10012950 f   lua50:ldo.obj
 0001:00011a20       _lua_resume                10012a20 f   lua50:ldo.obj
 0001:00011a80       _luaD_pcall                10012a80 f   lua50:ldo.obj
 0001:00011bd0       _luaC_separateudata        10012bd0 f   lua50:lgc.obj
 0001:00012440       _luaC_callGCTM             10013440 f   lua50:lgc.obj
 0001:00012530       _luaC_sweep                10013530 f   lua50:lgc.obj
 0001:000126b0       _luaC_collectgarbage       100136b0 f   lua50:lgc.obj
 0001:00012700       _luaC_link                 10013700 f   lua50:lgc.obj
 0001:00012730       _luaT_init                 10013730 f   lua50:ltm.obj
 0001:00012790       _luaT_gettm                10013790 f   lua50:ltm.obj
 0001:000127c0       _luaT_gettmbyobj           100137c0 f   lua50:ltm.obj
 0001:00012810       _luaV_tonumber             10013810 f   lua50:lvm.obj
 0001:00012860       _luaV_tostring             10013860 f   lua50:lvm.obj
 0001:00012b30       _luaV_gettable             10013b30 f   lua50:lvm.obj
 0001:00012ba0       _luaV_settable             10013ba0 f   lua50:lvm.obj
 0001:00012e50       _luaV_lessthan             10013e50 f   lua50:lvm.obj
 0001:00012f80       _luaV_equalval             10013f80 f   lua50:lvm.obj
 0001:00013060       _luaV_concat               10014060 f   lua50:lvm.obj
 0001:00013480       _luaV_execute              10014480 f   lua50:lvm.obj
 0001:00014620       _luaO_int2fb               10015620 f   lua50:lobject.obj
 0001:00014640       _luaO_log2                 10015640 f   lua50:lobject.obj
 0001:000146a0       _luaO_rawequalObj          100156a0 f   lua50:lobject.obj
 0001:000146f0       _luaO_str2d                100156f0 f   lua50:lobject.obj
 0001:000147b0       _luaO_pushvfstring         100157b0 f   lua50:lobject.obj
 0001:00014aa0       _luaO_pushfstring          10015aa0 f   lua50:lobject.obj
 0001:00014ac0       _luaO_chunkid              10015ac0 f   lua50:lobject.obj
 0001:00014c50       _luaS_freeall              10015c50 f   lua50:lstring.obj
 0001:00014c70       _luaS_resize               10015c70 f   lua50:lstring.obj
 0001:00014db0       _luaS_newlstr              10015db0 f   lua50:lstring.obj
 0001:00014e40       _luaS_newudata             10015e40 f   lua50:lstring.obj
 0001:00014e80       _luaF_newCclosure          10015e80 f   lua50:lfunc.obj
 0001:00014ec0       _luaF_newLclosure          10015ec0 f   lua50:lfunc.obj
 0001:00014f20       _luaF_findupval            10015f20 f   lua50:lfunc.obj
 0001:00014f70       _luaF_close                10015f70 f   lua50:lfunc.obj
 0001:00014fc0       _luaF_newproto             10015fc0 f   lua50:lfunc.obj
 0001:00015020       _luaF_freeproto            10016020 f   lua50:lfunc.obj
 0001:000150c0       _luaF_freeclosure          100160c0 f   lua50:lfunc.obj
 0001:00015100       _luaF_getlocalname         10016100 f   lua50:lfunc.obj
 0001:00015190       _luaH_mainposition         10016190 f   lua50:ltable.obj
 0001:00015580       _luaH_new                  10016580 f   lua50:ltable.obj
 0001:000155e0       _luaH_free                 100165e0 f   lua50:ltable.obj
 0001:00015690       _luaH_getnum               10016690 f   lua50:ltable.obj
 0001:00015730       _luaH_getstr               10016730 f   lua50:ltable.obj
 0001:00015770       _luaH_get                  10016770 f   lua50:ltable.obj
 0001:000157e0       _luaH_set                  100167e0 f   lua50:ltable.obj
 0001:000158c0       _luaH_next                 100168c0 f   lua50:ltable.obj
 0001:00015ca0       _luaH_setnum               10016ca0 f   lua50:ltable.obj
 0001:00015cf0       _luaZ_fill                 10016cf0 f   lua50:lzio.obj
 0001:00015d30       _luaZ_lookahead            10016d30 f   lua50:lzio.obj
 0001:00015d80       _luaZ_init                 10016d80 f   lua50:lzio.obj
 0001:00015db0       _luaZ_read                 10016db0 f   lua50:lzio.obj
 0001:00015e50       _luaZ_openspace            10016e50 f   lua50:lzio.obj
 0001:00016510       _luaU_dump                 10017510 f   lua50:ldump.obj
 0001:00016550       _luaM_realloc              10017550 f   lua50:lmem.obj
 0001:000165e0       _luaM_growaux              100175e0 f   lua50:lmem.obj
 0001:00016650       _luaX_init                 10017650 f   lua50:llex.obj
 0001:000166a0       _luaX_errorline            100176a0 f   lua50:llex.obj
 0001:00016730       _luaX_token2str            10017730 f   lua50:llex.obj
 0001:00016790       _luaX_setinput             10017790 f   lua50:llex.obj
 0001:00016bc0       _luaX_syntaxerror          10017bc0 f   lua50:llex.obj
 0001:00016c60       _luaX_checklimit           10017c60 f   lua50:llex.obj
 0001:00017490       _luaX_lex                  10018490 f   lua50:llex.obj
 0001:0001ac60       _luaY_parser               1001bc60 f   lua50:lparser.obj
 0001:0001b700       _luaU_endianness           1001c700 f   lua50:lundump.obj
 0001:0001b8e0       _luaU_undump               1001c8e0 f   lua50:lundump.obj
 0001:0001b990       _luaK_getlabel             1001c990 f   lua50:lcode.obj
 0001:0001bc20       _luaK_concat               1001cc20 f   lua50:lcode.obj
 0001:0001bc70       _luaK_checkstack           1001cc70 f   lua50:lcode.obj
 0001:0001bcb0       _luaK_reserveregs          1001ccb0 f   lua50:lcode.obj
 0001:0001bdf0       _luaK_stringK              1001cdf0 f   lua50:lcode.obj
 0001:0001be20       _luaK_numberK              1001ce20 f   lua50:lcode.obj
 0001:0001be90       _luaK_setcallreturns       1001ce90 f   lua50:lcode.obj
 0001:0001bf40       _luaK_fixline              1001cf40 f   lua50:lcode.obj
 0001:0001bf60       _luaK_code                 1001cf60 f   lua50:lcode.obj
 0001:0001c010       _luaK_codeABC              1001d010 f   lua50:lcode.obj
 0001:0001c050       _luaK_codeABx              1001d050 f   lua50:lcode.obj
 0001:0001c080       _luaK_nil                  1001d080 f   lua50:lcode.obj
 0001:0001c110       _luaK_jump                 1001d110 f   lua50:lcode.obj
 0001:0001c1b0       _luaK_patchtohere          1001d1b0 f   lua50:lcode.obj
 0001:0001c1d0       _luaK_dischargevars        1001d1d0 f   lua50:lcode.obj
 0001:0001c550       _luaK_exp2nextreg          1001d550 f   lua50:lcode.obj
 0001:0001c5d0       _luaK_exp2anyreg           1001d5d0 f   lua50:lcode.obj
 0001:0001c620       _luaK_exp2val              1001d620 f   lua50:lcode.obj
 0001:0001c640       _luaK_exp2RK               1001d640 f   lua50:lcode.obj
 0001:0001c6c0       _luaK_storevar             1001d6c0 f   lua50:lcode.obj
 0001:0001c7a0       _luaK_self                 1001d7a0 f   lua50:lcode.obj
 0001:0001c910       _luaK_goiftrue             1001d910 f   lua50:lcode.obj
 0001:0001c9c0       _luaK_goiffalse            1001d9c0 f   lua50:lcode.obj
 0001:0001cb40       _luaK_indexed              1001db40 f   lua50:lcode.obj
 0001:0001cb60       _luaK_prefix               1001db60 f   lua50:lcode.obj
 0001:0001cc20       _luaK_infix                1001dc20 f   lua50:lcode.obj
 0001:0001cd30       _luaK_posfix               1001dd30 f   lua50:lcode.obj
 0001:0001cf30       _luaK_patchlist            1001df30 f   lua50:lcode.obj
 0001:0001cf80       __RTC_CheckEsp             1001df80 f   LIBCMTD:stack.obj
 0001:0001cfb0       @_RTC_CheckStackVars@8     1001dfb0 f   LIBCMTD:stack.obj
 0001:0001d020       __RTC_InitBase             1001e020 f   LIBCMTD:init.obj
 0001:0001d050       __RTC_Shutdown             1001e050 f   LIBCMTD:init.obj
 0001:0001d070       _memcpy                    1001e070 f   LIBCMTD:memcpy.obj
 0001:0001d3b0       __fpmath                   1001e3b0 f   LIBCMTD:fpinit.obj
 0001:0001d3e0       __fpclear                  1001e3e0 f   LIBCMTD:fpinit.obj
 0001:0001d3f0       __cfltcvt_init             1001e3f0 f   LIBCMTD:fpinit.obj
 0001:0001d440       ___setfflag                1001e440 f   LIBCMTD:fpinit.obj
 0001:0001d460       _fprintf                   1001e460 f   LIBCMTD:fprintf.obj
 0001:0001d550       ___iob_func                1001e550 f   LIBCMTD:_file.obj
 0001:0001d560       ___initstdio               1001e560 f   LIBCMTD:_file.obj
 0001:0001d690       ___endstdio                1001e690 f   LIBCMTD:_file.obj
 0001:0001d6b0       __lock_file                1001e6b0 f   LIBCMTD:_file.obj
 0001:0001d6f0       __lock_file2               1001e6f0 f   LIBCMTD:_file.obj
 0001:0001d720       __unlock_file              1001e720 f   LIBCMTD:_file.obj
 0001:0001d760       __unlock_file2             1001e760 f   LIBCMTD:_file.obj
 0001:0001d790       __fsopen                   1001e790 f   LIBCMTD:fopen.obj
 0001:0001d8c0       _fopen                     1001e8c0 f   LIBCMTD:fopen.obj
 0001:0001d8e0       _malloc                    1001e8e0 f   LIBCMTD:dbgheap.obj
 0001:0001d910       __malloc_dbg               1001e910 f   LIBCMTD:dbgheap.obj
 0001:0001d940       __nh_malloc                1001e940 f   LIBCMTD:dbgheap.obj
 0001:0001d960       __nh_malloc_dbg            1001e960 f   LIBCMTD:dbgheap.obj
 0001:0001da00       __heap_alloc               1001ea00 f   LIBCMTD:dbgheap.obj
 0001:0001da20       __heap_alloc_dbg           1001ea20 f   LIBCMTD:dbgheap.obj
 0001:0001dd40       _calloc                    1001ed40 f   LIBCMTD:dbgheap.obj
 0001:0001dd70       __calloc_dbg               1001ed70 f   LIBCMTD:dbgheap.obj
 0001:0001ddd0       _realloc                   1001edd0 f   LIBCMTD:dbgheap.obj
 0001:0001de00       __realloc_dbg              1001ee00 f   LIBCMTD:dbgheap.obj
 0001:0001e3a0       __expand                   1001f3a0 f   LIBCMTD:dbgheap.obj
 0001:0001e3d0       __expand_dbg               1001f3d0 f   LIBCMTD:dbgheap.obj
 0001:0001e460       _free                      1001f460 f   LIBCMTD:dbgheap.obj
 0001:0001e480       __free_lk                  1001f480 f   LIBCMTD:dbgheap.obj
 0001:0001e4a0       __free_dbg                 1001f4a0 f   LIBCMTD:dbgheap.obj
 0001:0001e510       __free_dbg_lk              1001f510 f   LIBCMTD:dbgheap.obj
 0001:0001e920       __msize                    1001f920 f   LIBCMTD:dbgheap.obj
 0001:0001e940       __msize_dbg                1001f940 f   LIBCMTD:dbgheap.obj
 0001:0001eab0       __CrtSetBreakAlloc         1001fab0 f   LIBCMTD:dbgheap.obj
 0001:0001ead0       __CrtSetDbgBlockType       1001fad0 f   LIBCMTD:dbgheap.obj
 0001:0001ebb0       __CrtSetAllocHook          1001fbb0 f   LIBCMTD:dbgheap.obj
 0001:0001ec20       __CrtCheckMemory           1001fc20 f   LIBCMTD:dbgheap.obj
 0001:0001ef90       __CrtSetDbgFlag            1001ff90 f   LIBCMTD:dbgheap.obj
 0001:0001f040       __CrtDoForAllClientObjects 10020040 f   LIBCMTD:dbgheap.obj
 0001:0001f0f0       __CrtIsValidPointer        100200f0 f   LIBCMTD:dbgheap.obj
 0001:0001f140       __CrtIsValidHeapPointer    10020140 f   LIBCMTD:dbgheap.obj
 0001:0001f1f0       __CrtIsMemoryBlock         100201f0 f   LIBCMTD:dbgheap.obj
 0001:0001f320       __CrtReportBlockType       10020320 f   LIBCMTD:dbgheap.obj
 0001:0001f350       __CrtSetDumpClient         10020350 f   LIBCMTD:dbgheap.obj
 0001:0001f370       __CrtMemCheckpoint         10020370 f   LIBCMTD:dbgheap.obj
 0001:0001f510       __CrtMemDifference         10020510 f   LIBCMTD:dbgheap.obj
 0001:0001f630       __CrtMemDumpAllObjectsSince 10020630 f   LIBCMTD:dbgheap.obj
 0001:0001fa30       __CrtDumpMemoryLeaks       10020a30 f   LIBCMTD:dbgheap.obj
 0001:0001faa0       __CrtMemDumpStatistics     10020aa0 f   LIBCMTD:dbgheap.obj
 0001:0001fb50       __aligned_malloc           10020b50 f   LIBCMTD:dbgheap.obj
 0001:0001fb70       __aligned_malloc_dbg       10020b70 f   LIBCMTD:dbgheap.obj
 0001:0001fb90       __aligned_realloc          10020b90 f   LIBCMTD:dbgheap.obj
 0001:0001fbb0       __aligned_realloc_dbg      10020bb0 f   LIBCMTD:dbgheap.obj
 0001:0001fbe0       __aligned_offset_malloc    10020be0 f   LIBCMTD:dbgheap.obj
 0001:0001fc00       __aligned_offset_malloc_dbg 10020c00 f   LIBCMTD:dbgheap.obj
 0001:0001fd40       __aligned_offset_realloc   10020d40 f   LIBCMTD:dbgheap.obj
 0001:0001fd70       __aligned_offset_realloc_dbg 10020d70 f   LIBCMTD:dbgheap.obj
 0001:0001ffd0       __aligned_free             10020fd0 f   LIBCMTD:dbgheap.obj
 0001:0001fff0       __aligned_free_dbg         10020ff0 f   LIBCMTD:dbgheap.obj
 0001:000200a0       _fclose                    100210a0 f   LIBCMTD:fclose.obj
 0001:00020160       __fclose_lk                10021160 f   LIBCMTD:fclose.obj
 0001:00020210       _fflush                    10021210 f   LIBCMTD:fflush.obj
 0001:000202a0       __fflush_lk                100212a0 f   LIBCMTD:fflush.obj
 0001:000202e0       __flush                    100212e0 f   LIBCMTD:fflush.obj
 0001:000203a0       __flushall                 100213a0 f   LIBCMTD:fflush.obj
 0001:00020540       _vfprintf                  10021540 f   LIBCMTD:vfprintf.obj
 0001:00020630       _vprintf                   10021630 f   LIBCMTD:vprintf.obj
 0001:00020700       _printf                    10021700 f   LIBCMTD:printf.obj
 0001:000207d0       _strcpy                    100217d0 f   LIBCMTD:strcat.obj
 0001:000207e0       _strcat                    100217e0 f   LIBCMTD:strcat.obj
 0001:000208d0       _strlen                    100218d0 f   LIBCMTD:strlen.obj
 0001:00020960       _memset                    10021960 f   LIBCMTD:memset.obj
 0001:000209c0       __ftol2                    100219c0 f   LIBCMTD:ftol2.obj
 0001:00020a40       ?_RTC_Failure@@YAXPAXH@Z   10021a40 f   LIBCMTD:error.obj
 0001:00020ca0       ?_RTC_MemFailure@@YAXPAXHPBX@Z 10021ca0 f   LIBCMTD:error.obj
 0001:00020ef0       ?_RTC_StackFailure@@YAXPAXPBD@Z 10021ef0 f   LIBCMTD:error.obj
 0001:00020fb0       __RTC_UninitUse            10021fb0 f   LIBCMTD:error.obj
 0001:00021170       _strtok                    10022170 f   LIBCMTD:strtok.obj
 0001:000212c0       _strchr                    100222c0 f   LIBCMTD:strchr.obj
 0001:000212c6       ___from_strstr_to_strchr   100222c6     LIBCMTD:strchr.obj
 0001:00021380       __CRT_INIT@12              10022380 f   LIBCMTD:dllcrt0.obj
 0001:000215d0       __DllMainCRTStartup@12     100225d0 f   LIBCMTD:dllcrt0.obj
 0001:00021750       __amsg_exit                10022750 f   LIBCMTD:dllcrt0.obj
 0001:00021790       @__security_check_cookie@4 10022790 f   LIBCMTD:secchk.obj
 0001:00021810       _fgets                     10022810 f   LIBCMTD:fgets.obj
 0001:00021980       _fputs                     10022980 f   LIBCMTD:fputs.obj
 0001:00021a80       _fabs                      10022a80 f   LIBCMTD:fabs.obj
 0001:00021b80       __CIsin                    10022b80 f   LIBCMTD:sin.obj
 0001:00021b94       _sin                       10022b94     LIBCMTD:sin.obj
 0001:00021c30       __CIcos                    10022c30 f   LIBCMTD:cos.obj
 0001:00021c44       _cos                       10022c44     LIBCMTD:cos.obj
 0001:00021ce0       __CItan                    10022ce0 f   LIBCMTD:tan.obj
 0001:00021cf4       _tan                       10022cf4     LIBCMTD:tan.obj
 0001:00021da0       __CIasin                   10022da0 f   LIBCMTD:asin.obj
 0001:00021db4       _asin                      10022db4     LIBCMTD:asin.obj
 0001:00021e70       __CIacos                   10022e70 f   LIBCMTD:acos.obj
 0001:00021e84       _acos                      10022e84     LIBCMTD:acos.obj
 0001:00021f40       _atan                      10022f40 f   LIBCMTD:atan.obj
 0001:00021f80       __CIatan                   10022f80 f   LIBCMTD:atan.obj
 0001:00021fbb       __CIatan_default           10022fbb f   LIBCMTD:atan.obj
 0001:00021fcf       __atan_default             10022fcf     LIBCMTD:atan.obj
 0001:00022060       _atan2                     10023060 f   LIBCMTD:87ctriga.obj
 0001:0002206a       __CIatan2                  1002306a f   LIBCMTD:87ctriga.obj
 0001:00022080       _ceil                      10023080 f   LIBCMTD:ceil_pentium4.obj
 0001:000220c0       __ceil_pentium4            100230c0 f   LIBCMTD:ceil_pentium4.obj
 0001:000221a0       _floor                     100231a0 f   LIBCMTD:floor_pentium4.obj
 0001:000221e0       __floor_pentium4           100231e0 f   LIBCMTD:floor_pentium4.obj
 0001:000222d0       _fmod                      100232d0 f   LIBCMTD:87fmod.obj
 0001:000222da       __CIfmod                   100232da f   LIBCMTD:87fmod.obj
 0001:00022310       __CIsqrt                   10023310 f   LIBCMTD:sqrt.obj
 0001:00022324       _sqrt                      10023324     LIBCMTD:sqrt.obj
 0001:000223d0       _pow                       100233d0 f   LIBCMTD:pow.obj
 0001:00022410       __CIpow                    10023410 f   LIBCMTD:pow.obj
 0001:0002244b       __CIpow_default            1002344b f   LIBCMTD:pow.obj
 0001:00022464       __pow_default              10023464     LIBCMTD:pow.obj
 0001:00022660       _log                       10023660 f   LIBCMTD:log.obj
 0001:000226a0       __CIlog                    100236a0 f   LIBCMTD:log.obj
 0001:000226db       __CIlog_default            100236db f   LIBCMTD:log.obj
 0001:000226ef       __log_default              100236ef     LIBCMTD:log.obj
 0001:000227b0       _log10                     100237b0 f   LIBCMTD:log10.obj
 0001:000227f0       __CIlog10                  100237f0 f   LIBCMTD:log10.obj
 0001:0002282b       __CIlog10_default          1002382b f   LIBCMTD:log10.obj
 0001:0002283f       __log10_default            1002383f     LIBCMTD:log10.obj
 0001:00022900       _exp                       10023900 f   LIBCMTD:87ctran.obj
 0001:0002293c       __CIexp                    1002393c f   LIBCMTD:87ctran.obj
 0001:00022977       __exp_default              10023977 f   LIBCMTD:87ctran.obj
 0001:00022981       __CIexp_default            10023981 f   LIBCMTD:87ctran.obj
 0001:00022990       _frexp                     10023990 f   LIBCMTD:frexp.obj
 0001:00022a90       _ldexp                     10023a90 f   LIBCMTD:ldexp.obj
 0001:00022d60       _srand                     10023d60 f   LIBCMTD:rand.obj
 0001:00022d70       _rand                      10023d70 f   LIBCMTD:rand.obj
 0001:00022db0       __tolower                  10023db0 f   LIBCMTD:tolower.obj
 0001:00022dc0       _tolower                   10023dc0 f   LIBCMTD:tolower.obj
 0001:00022e00       ___tolower_mt              10023e00 f   LIBCMTD:tolower.obj
 0001:00022f40       __toupper                  10023f40 f   LIBCMTD:toupper.obj
 0001:00022f50       _toupper                   10023f50 f   LIBCMTD:toupper.obj
 0001:00022f90       ___toupper_mt              10023f90 f   LIBCMTD:toupper.obj
 0001:000230d0       _isalpha                   100240d0 f   LIBCMTD:_ctype.obj
 0001:00023140       _isupper                   10024140 f   LIBCMTD:_ctype.obj
 0001:000231a0       _islower                   100241a0 f   LIBCMTD:_ctype.obj
 0001:00023200       _isdigit                   10024200 f   LIBCMTD:_ctype.obj
 0001:00023260       _isxdigit                  10024260 f   LIBCMTD:_ctype.obj
 0001:000232d0       _isspace                   100242d0 f   LIBCMTD:_ctype.obj
 0001:00023330       _ispunct                   10024330 f   LIBCMTD:_ctype.obj
 0001:00023390       _isalnum                   10024390 f   LIBCMTD:_ctype.obj
 0001:00023400       _isprint                   10024400 f   LIBCMTD:_ctype.obj
 0001:00023470       _isgraph                   10024470 f   LIBCMTD:_ctype.obj
 0001:000234e0       _iscntrl                   100244e0 f   LIBCMTD:_ctype.obj
 0001:00023540       ___isascii                 10024540 f   LIBCMTD:_ctype.obj
 0001:00023550       ___toascii                 10024550 f   LIBCMTD:_ctype.obj
 0001:00023560       ___iscsymf                 10024560 f   LIBCMTD:_ctype.obj
 0001:000235a0       ___iscsym                  100245a0 f   LIBCMTD:_ctype.obj
 0001:000235e0       _memchr                    100245e0 f   LIBCMTD:memchr.obj
 0001:00023690       _strpbrk                   10024690 f   LIBCMTD:strpbrk.obj
 0001:000236d0       _strncpy                   100246d0 f   LIBCMTD:strncpy.obj
 0001:00023800       _sprintf                   10024800 f   LIBCMTD:sprintf.obj
 0001:000238f0       __scprintf                 100248f0 f   LIBCMTD:sprintf.obj
 0001:00023970       _strerror                  10024970 f   LIBCMTD:strerror.obj
 0001:00023a00       __dosmaperr                10024a00 f   LIBCMTD:dosmap.obj
 0001:00023aa0       __errno                    10024aa0 f   LIBCMTD:dosmap.obj
 0001:00023ab0       ___doserrno                10024ab0 f   LIBCMTD:dosmap.obj
 0001:00023ac0       _tmpnam                    10024ac0 f   LIBCMTD:tmpfile.obj
 0001:00023c10       _tmpfile                   10024c10 f   LIBCMTD:tmpfile.obj
 0001:00023f00       ___inc_tmpoff              10024f00 f   LIBCMTD:tmpfile.obj
 0001:00023f20       _fscanf                    10024f20 f   LIBCMTD:fscanf.obj
 0001:00023ff0       _ungetc                    10024ff0 f   LIBCMTD:ungetc.obj
 0001:00024090       __ungetc_lk                10025090 f   LIBCMTD:ungetc.obj
 0001:000241c0       _fgetc                     100251c0 f   LIBCMTD:fgetc.obj
 0001:000242a0       _getc                      100252a0 f   LIBCMTD:fgetc.obj
 0001:00024380       _fread                     10025380 f   LIBCMTD:fread.obj
 0001:00024400       __fread_lk                 10025400 f   LIBCMTD:fread.obj
 0001:000245d0       _fwrite                    100255d0 f   LIBCMTD:fwrite.obj
 0001:00024650       __fwrite_lk                10025650 f   LIBCMTD:fwrite.obj
 0001:00024870       _ftell                     10025870 f   LIBCMTD:ftell.obj
 0001:00024910       __ftell_lk                 10025910 f   LIBCMTD:ftell.obj
 0001:00024b90       _fseek                     10025b90 f   LIBCMTD:fseek.obj
 0001:00024c30       __fseek_lk                 10025c30 f   LIBCMTD:fseek.obj
 0001:00024d40       _system                    10025d40 f   LIBCMTD:system.obj
 0001:00024e40       _remove                    10025e40 f   LIBCMTD:unlink.obj
 0001:00024e90       __unlink                   10025e90 f   LIBCMTD:unlink.obj
 0001:00024eb0       _rename                    10025eb0 f   LIBCMTD:rename.obj
 0001:00024f00       _getenv                    10025f00 f   LIBCMTD:getenv.obj
 0001:00024f70       __getenv_lk                10025f70 f   LIBCMTD:getenv.obj
 0001:00025040       _clock                     10026040 f   LIBCMTD:clock.obj
 0001:000250a0       ___inittime                100260a0 f   LIBCMTD:clock.obj
 0001:000250e0       __Getdays                  100260e0 f   LIBCMTD:strftime.obj
 0001:00025210       __Getmonths                10026210 f   LIBCMTD:strftime.obj
 0001:00025340       __Gettnames                10026340 f   LIBCMTD:strftime.obj
 0001:000256d0       _strftime                  100266d0 f   LIBCMTD:strftime.obj
 0001:000256f0       __Strftime                 100266f0 f   LIBCMTD:strftime.obj
 0001:00025740       __Strftime_mt              10026740 f   LIBCMTD:strftime.obj
 0001:00026960       _localtime                 10027960 f   LIBCMTD:localtim.obj
 0001:00026bd0       _gmtime                    10027bd0 f   LIBCMTD:gmtime.obj
 0001:00026dd0       _time                      10027dd0 f   LIBCMTD:time.obj
 0001:00026e20       _mktime                    10027e20 f   LIBCMTD:mktime.obj
 0001:00026e40       __mkgmtime                 10027e40 f   LIBCMTD:mktime.obj
 0001:00027170       _difftime                  10028170 f   LIBCMTD:difftime.obj
 0001:00027190       ____setlc_active_func      10028190 f   LIBCMTD:setlocal.obj
 0001:000271a0       ____unguarded_readlc_active_add_func 100281a0 f   LIBCMTD:setlocal.obj
 0001:000271b0       ___freetlocinfo            100281b0 f   LIBCMTD:setlocal.obj
 0001:00027330       ___updatetlocinfo          10028330 f   LIBCMTD:setlocal.obj
 0001:00027570       _setlocale                 10028570 f   LIBCMTD:setlocal.obj
 0001:00028020       __expandlocale             10029020 f   LIBCMTD:setlocal.obj
 0001:00028200       ___init_dummy              10029200 f   LIBCMTD:setlocal.obj
 0001:00028210       __strcats                  10029210 f   LIBCMTD:setlocal.obj
 0001:00028260       ___lc_strtolc              10029260 f   LIBCMTD:setlocal.obj
 0001:000283d0       ___lc_lctostr              100293d0 f   LIBCMTD:setlocal.obj
 0001:00028440       __cinit                    10029440 f   LIBCMTD:crt0dat.obj
 0001:000284a0       _exit                      100294a0 f   LIBCMTD:crt0dat.obj
 0001:000284c0       __exit                     100294c0 f   LIBCMTD:crt0dat.obj
 0001:000284e0       __cexit                    100294e0 f   LIBCMTD:crt0dat.obj
 0001:00028500       __c_exit                   10029500 f   LIBCMTD:crt0dat.obj
 0001:00028650       ___crtExitProcess          10029650 f   LIBCMTD:crt0dat.obj
 0001:000286a0       __lockexit                 100296a0 f   LIBCMTD:crt0dat.obj
 0001:000286b0       __unlockexit               100296b0 f   LIBCMTD:crt0dat.obj
 0001:00028730       _strtol                    10029730 f   LIBCMTD:strtol.obj
 0001:00028a50       _strtoul                   10029a50 f   LIBCMTD:strtol.obj
 0001:00028a6c       _longjmp                   10029a6c f   LIBCMTD:longjmp.obj
 0001:00028ae8       __setjmp3                  10029ae8 f   LIBCMTD:setjmp3.obj
 0001:00028b70       _strcoll                   10029b70 f   LIBCMTD:strcoll.obj
 0001:00028c10       _strtod                    10029c10 f   LIBCMTD:strtod.obj
 0001:00028d10       _strncat                   10029d10 f   LIBCMTD:strncat.obj
 0001:00028e50       _strcspn                   10029e50 f   LIBCMTD:strcspn.obj
 0001:00028ea0       __RTC_NumErrors            10029ea0 f   LIBCMTD:userapi.obj
 0001:00028eb0       __RTC_GetErrDesc           10029eb0 f   LIBCMTD:userapi.obj
 0001:00028ed0       __RTC_SetErrorType         10029ed0 f   LIBCMTD:userapi.obj
 0001:00028f00       __RTC_SetErrorFunc         10029f00 f   LIBCMTD:userapi.obj
 0001:00028f20       ?_RTC_GetErrorFunc@@YAP6AHHPBDH00ZZPBX@Z 10029f20 f   LIBCMTD:userapi.obj
 0001:00028f30       __chkesp                   10029f30 f   LIBCMTD:chkesp.obj
 0001:00028f70       __CRT_RTC_INIT             10029f70 f   LIBCMTD:chkesp.obj
 0001:00028f80       __setdefaultprecision      10029f80 f   LIBCMTD:fp8.obj
 0001:00028fa0       __ms_p5_test_fdiv          10029fa0 f   LIBCMTD:testfdiv.obj
 0001:00028ff0       __ms_p5_mp_test_fdiv       10029ff0 f   LIBCMTD:testfdiv.obj
 0001:00029040       __forcdecpt                1002a040 f   LIBCMTD:cvt.obj
 0001:000290c0       __cropzeros                1002a0c0 f   LIBCMTD:cvt.obj
 0001:000291a0       __positive                 1002a1a0 f   LIBCMTD:cvt.obj
 0001:000291d0       __fassign                  1002a1d0 f   LIBCMTD:cvt.obj
 0001:00029220       __cftoe                    1002a220 f   LIBCMTD:cvt.obj
 0001:00029420       __cftof                    1002a420 f   LIBCMTD:cvt.obj
 0001:000295e0       __cftog                    1002a5e0 f   LIBCMTD:cvt.obj
 0001:000296e0       __cfltcvt                  1002a6e0 f   LIBCMTD:cvt.obj
 0001:00029770       __stbuf                    1002a770 f   LIBCMTD:_sftbuf.obj
 0001:000298c0       __ftbuf                    1002a8c0 f   LIBCMTD:_sftbuf.obj
 0001:00029950       __output                   1002a950 f   LIBCMTD:output.obj
 0001:0002a8d0       __CrtDbgBreak              1002b8d0 f   LIBCMTD:dbgrpt.obj
 0001:0002a8e0       __CrtSetReportMode         1002b8e0 f   LIBCMTD:dbgrpt.obj
 0001:0002a940       __CrtSetReportFile         1002b940 f   LIBCMTD:dbgrpt.obj
 0001:0002a9c0       __CrtSetReportHook         1002b9c0 f   LIBCMTD:dbgrpt.obj
 0001:0002a9e0       __CrtSetReportHook2        1002b9e0 f   LIBCMTD:dbgrpt.obj
 0001:0002ac30       __CrtDbgReport             1002bc30 f   LIBCMTD:dbgrpt.obj
 0001:0002b3a0       __global_unwind2           1002c3a0 f   LIBCMTD:exsup.obj
 0001:0002b3e2       __local_unwind2            1002c3e2 f   LIBCMTD:exsup.obj
 0001:0002b43a       __NLG_Return2              1002c43a     LIBCMTD:exsup.obj
 0001:0002b44a       __abnormal_termination     1002c44a f   LIBCMTD:exsup.obj
 0001:0002b46d       __NLG_Notify1              1002c46d f   LIBCMTD:exsup.obj
 0001:0002b476       __NLG_Notify               1002c476 f   LIBCMTD:exsup.obj
 0001:0002b489       __NLG_Dispatch             1002c489     LIBCMTD:exsup.obj
 0001:0002b498       __except_handler3          1002c498 f   LIBCMTD:exsup3.obj
 0001:0002b57e       __seh_longjmp_unwind@4     1002c57e f   LIBCMTD:exsup3.obj
 0001:0002b5a0       __ioinit                   1002c5a0 f   LIBCMTD:ioinit.obj
 0001:0002b930       __ioterm                   1002c930 f   LIBCMTD:ioinit.obj
 0001:0002b9d0       __fcloseall                1002c9d0 f   LIBCMTD:closeall.obj
 0001:0002baf0       __mtinitlocks              1002caf0 f   LIBCMTD:mlock.obj
 0001:0002bb80       __mtdeletelocks            1002cb80 f   LIBCMTD:mlock.obj
 0001:0002bc40       __mtinitlocknum            1002cc40 f   LIBCMTD:mlock.obj
 0001:0002bd60       __lock                     1002cd60 f   LIBCMTD:mlock.obj
 0001:0002bda0       __unlock                   1002cda0 f   LIBCMTD:mlock.obj
 0001:0002bdc0       __lockerr_exit             1002cdc0 f   LIBCMTD:mlock.obj
 0001:0002bde0       __openfile                 1002cde0 f   LIBCMTD:_open.obj
 0001:0002c170       __getstream                1002d170 f   LIBCMTD:stream.obj
 0001:0002c3a0       ?_set_new_handler@@YAP6AHI@ZP6AHI@Z@Z 1002d3a0 f   LIBCMTD:handler.obj
 0001:0002c3d0       ?_query_new_handler@@YAP6AHI@ZXZ 1002d3d0 f   LIBCMTD:handler.obj
 0001:0002c3e0       __callnewh                 1002d3e0 f   LIBCMTD:handler.obj
 0001:0002c410       __malloc_base              1002d410 f   LIBCMTD:malloc.obj
 0001:0002c430       __nh_malloc_base           1002d430 f   LIBCMTD:malloc.obj
 0001:0002c490       __heap_alloc_base          1002d490 f   LIBCMTD:malloc.obj
 0001:0002c560       __CrtDefaultAllocHook      1002d560 f   LIBCMTD:dbghook.obj
 0001:0002c570       __expand_base              1002d570 f   LIBCMTD:expand.obj
 0001:0002c690       __realloc_base             1002d690 f   LIBCMTD:realloc.obj
 0001:0002c940       __free_base                1002d940 f   LIBCMTD:free.obj
 0001:0002ca10       __heapchk                  1002da10 f   LIBCMTD:heapchk.obj
 0001:0002cad0       __heapset                  1002dad0 f   LIBCMTD:heapchk.obj
 0001:0002cae0       ___heap_select             1002dae0 f   LIBCMTD:heapinit.obj
 0001:0002cb10       __heap_init                1002db10 f   LIBCMTD:heapinit.obj
 0001:0002cb80       __heap_term                1002db80 f   LIBCMTD:heapinit.obj
 0001:0002cc30       __get_heap_handle          1002dc30 f   LIBCMTD:heapinit.obj
 0001:0002cc40       __get_sbh_threshold        1002dc40 f   LIBCMTD:sbheap.obj
 0001:0002cc60       __set_sbh_threshold        1002dc60 f   LIBCMTD:sbheap.obj
 0001:0002ccd0       ___sbh_heap_init           1002dcd0 f   LIBCMTD:sbheap.obj
 0001:0002cd40       ___sbh_find_block          1002dd40 f   LIBCMTD:sbheap.obj
 0001:0002cda0       ___sbh_verify_block        1002dda0 f   LIBCMTD:sbheap.obj
 0001:0002ce00       ___sbh_free_block          1002de00 f   LIBCMTD:sbheap.obj
 0001:0002d3c0       ___sbh_alloc_block         1002e3c0 f   LIBCMTD:sbheap.obj
 0001:0002d8e0       ___sbh_alloc_new_region    1002e8e0 f   LIBCMTD:sbheap.obj
 0001:0002d9f0       ___sbh_alloc_new_group     1002e9f0 f   LIBCMTD:sbheap.obj
 0001:0002dbe0       ___sbh_resize_block        1002ebe0 f   LIBCMTD:sbheap.obj
 0001:0002e1b0       ___sbh_heapmin             1002f1b0 f   LIBCMTD:sbheap.obj
 0001:0002e2e0       ___sbh_heap_check          1002f2e0 f   LIBCMTD:sbheap.obj
 0001:0002e7f0       ___crtTlsAlloc@4           1002f7f0 f   LIBCMTD:tidtable.obj
 0001:0002e800       __mtinit                   1002f800 f   LIBCMTD:tidtable.obj
 0001:0002e950       __mtterm                   1002f950 f   LIBCMTD:tidtable.obj
 0001:0002e980       __initptd                  1002f980 f   LIBCMTD:tidtable.obj
 0001:0002e9a0       __getptd                   1002f9a0 f   LIBCMTD:tidtable.obj
 0001:0002ea40       __freefls@4                1002fa40 f   LIBCMTD:tidtable.obj
 0001:0002ecc0       __freeptd                  1002fcc0 f   LIBCMTD:tidtable.obj
 0001:0002ed00       ___threadid                1002fd00 f   LIBCMTD:tidtable.obj
 0001:0002ed10       ___threadhandle            1002fd10 f   LIBCMTD:tidtable.obj
 0001:0002ed20       __chvalidator              1002fd20 f   LIBCMTD:isctype.obj
 0001:0002ed60       __chvalidator_mt           1002fd60 f   LIBCMTD:isctype.obj
 0001:0002eda0       __isctype                  1002fda0 f   LIBCMTD:isctype.obj
 0001:0002ede0       ___isctype_mt              1002fde0 f   LIBCMTD:isctype.obj
 0001:0002eea0       __close                    1002fea0 f   LIBCMTD:close.obj
 0001:0002ef90       __close_lk                 1002ff90 f   LIBCMTD:close.obj
 0001:0002f040       __freebuf                  10030040 f   LIBCMTD:_freebuf.obj
 0001:0002f0d0       __commit                   100300d0 f   LIBCMTD:commit.obj
 0001:0002f1e0       __write                    100301e0 f   LIBCMTD:write.obj
 0001:0002f2f0       __write_lk                 100302f0 f   LIBCMTD:write.obj
 0001:0002f5e0       ?_RTC_GetSrcLine@@YAHKPADHPAHPAPAD@Z 100305e0 f   LIBCMTD:pdblkup.obj
 0001:0002fe80       __alloca_probe             10030e80     LIBCMTD:chkstk.obj
 0001:0002fe80       __chkstk                   10030e80 f   LIBCMTD:chkstk.obj
 0001:0002fec0       __setenvp                  10030ec0 f   LIBCMTD:stdenvp.obj
 0001:00030040       __setargv                  10031040 f   LIBCMTD:stdargv.obj
 0001:000304a0       ___crtGetEnvironmentStringsA 100314a0 f   LIBCMTD:a_env.obj
 0001:000306c0       __RTC_Initialize           100316c0 f   LIBCMTD:initsect.obj
 0001:00030740       __RTC_Terminate            10031740 f   LIBCMTD:initsect.obj
 0001:000307c0       ___CppXcptFilter           100317c0 f   LIBCMTD:winxfltr.obj
 0001:000307f0       __XcptFilter               100317f0 f   LIBCMTD:winxfltr.obj
 0001:00030a10       _DllMain@12                10031a10 f   LIBCMTD:dllmain.obj
 0001:00030a20       __FF_MSGBANNER             10031a20 f   LIBCMTD:crt0msg.obj
 0001:00030a70       __NMSG_WRITE               10031a70 f   LIBCMTD:crt0msg.obj
 0001:00030c80       __GET_RTERRMSG             10031c80 f   LIBCMTD:crt0msg.obj
 0001:00030cd0       ___security_init_cookie    10031cd0 f   LIBCMTD:seccinit.obj
 0001:00030d70       ___security_error_handler  10031d70 f   LIBCMTD:secfail.obj
 0001:00030fa0       __set_security_error_handler 10031fa0 f   LIBCMTD:secfail.obj
 0001:00030fc0       ___buffer_overrun          10031fc0 f   LIBCMTD:secfail.obj
 0001:00030fe0       ___set_buffer_overrun_handler 10031fe0 f   LIBCMTD:secfail.obj
 0001:00031000       __filbuf                   10032000 f   LIBCMTD:_filbuf.obj
 0001:000311d0       __handle_qnan1             100321d0 f   LIBCMTD:fpexcept.obj
 0001:00031230       __handle_qnan2             10032230 f   LIBCMTD:fpexcept.obj
 0001:000312a0       __except1                  100322a0 f   LIBCMTD:fpexcept.obj
 0001:000313a0       __except2                  100323a0 f   LIBCMTD:fpexcept.obj
 0001:000314b0       __raise_exc                100324b0 f   LIBCMTD:fpexcept.obj
 0001:00031960       __handle_exc               10032960 f   LIBCMTD:fpexcept.obj
 0001:00031c80       __umatherr                 10032c80 f   LIBCMTD:fpexcept.obj
 0001:00031d20       __set_errno                10032d20 f   LIBCMTD:fpexcept.obj
 0001:00031da0       __errcode                  10032da0 f   LIBCMTD:fpexcept.obj
 0001:00031e10       __set_exp                  10032e10 f   LIBCMTD:util.obj
 0001:00031e50       __get_exp                  10032e50 f   LIBCMTD:util.obj
 0001:00031e80       __add_exp                  10032e80 f   LIBCMTD:util.obj
 0001:00031eb0       __set_bexp                 10032eb0 f   LIBCMTD:util.obj
 0001:00031ee0       __sptype                   10032ee0 f   LIBCMTD:util.obj
 0001:00031f60       __decomp                   10032f60 f   LIBCMTD:util.obj
 0001:00032090       __statfp                   10033090 f   LIBCMTD:fpctrl.obj
 0001:000320a0       __clrfp                    100330a0 f   LIBCMTD:fpctrl.obj
 0001:000320c0       __ctrlfp                   100330c0 f   LIBCMTD:fpctrl.obj
 0001:000320f0       __set_statfp               100330f0 f   LIBCMTD:fpctrl.obj
 0001:00032160       __trandisp1                10033160 f   LIBCMTD:87disp.obj
 0001:000321c7       __trandisp2                100331c7 f   LIBCMTD:87disp.obj
 0001:00032253       __rttospopde               10033253     LIBCMTD:87disp.obj
 0001:00032258       __rttospop                 10033258     LIBCMTD:87disp.obj
 0001:0003225a       __rtnospop                 1003325a     LIBCMTD:87disp.obj
 0001:0003225c       __rttosnpop                1003325c     LIBCMTD:87disp.obj
 0001:0003225d       __rtnospopde               1003325d     LIBCMTD:87disp.obj
 0001:00032264       __rtzeropop                10033264     LIBCMTD:87disp.obj
 0001:00032266       __rtzeronpop               10033266     LIBCMTD:87disp.obj
 0001:0003226b       __rtonepop                 1003326b     LIBCMTD:87disp.obj
 0001:0003226d       __rtonenpop                1003326d     LIBCMTD:87disp.obj
 0001:00032272       __tosnan1                  10033272     LIBCMTD:87disp.obj
 0001:0003229d       __nosnan2                  1003329d     LIBCMTD:87disp.obj
 0001:0003229f       __tosnan2                  1003329f     LIBCMTD:87disp.obj
 0001:000322c7       __nan2                     100332c7     LIBCMTD:87disp.obj
 0001:00032306       __rtindfpop                10033306     LIBCMTD:87disp.obj
 0001:00032308       __rtindfnpop               10033308     LIBCMTD:87disp.obj
 0001:00032319       __rttosnpopde              10033319     LIBCMTD:87disp.obj
 0001:00032323       __rtchsifneg               10033323     LIBCMTD:87disp.obj
 0001:00032330       __twoToTOS                 10033330 f   LIBCMTD:common.obj
 0001:00032345       __load_CW                  10033345 f   LIBCMTD:common.obj
 0001:0003235c       __convertTOStoQNaN         1003335c f   LIBCMTD:common.obj
 0001:00032375       __fload_withFB             10033375 f   LIBCMTD:common.obj
 0001:000323b8       __checkTOS_withFB          100333b8 f   LIBCMTD:common.obj
 0001:000323ce       __fast_exit                100333ce f   LIBCMTD:common.obj
 0001:000323db       __math_exit                100333db f   LIBCMTD:common.obj
 0001:00032405       __check_overflow_exit      10033405 f   LIBCMTD:common.obj
 0001:00032419       __check_range_exit         10033419 f   LIBCMTD:common.obj
 0001:000324c0       __startTwoArgErrorHandling 100334c0 f   LIBCMTD:genexcep.obj
 0001:000324d7       __startOneArgErrorHandling 100334d7 f   LIBCMTD:genexcep.obj
 0001:00032520       ___sse2_available_init     10033520 f   LIBCMTD:cpu_disp.obj
 0001:000326b0       __set_SSE2_enable          100336b0 f   LIBCMTD:cpu_disp.obj
 0001:000326d0       __CIatan_pentium4          100336d0 f   LIBCMTD:atan_pentium4.obj
 0001:000326e8       __atan_pentium4            100336e8     LIBCMTD:atan_pentium4.obj
 0001:000329dc       __fFATN2                   100339dc     LIBCMTD:87triga.obj
 0001:00032a2c       __rtpiby2                  10033a2c     LIBCMTD:87triga.obj
 0001:00032a70       __cintrindisp2             10033a70 f   LIBCMTD:87cdisp.obj
 0001:00032aae       __cintrindisp1             10033aae f   LIBCMTD:87cdisp.obj
 0001:00032aeb       __ctrandisp2               10033aeb f   LIBCMTD:87cdisp.obj
 0001:00032c81       __ctrandisp1               10033c81 f   LIBCMTD:87cdisp.obj
 0001:00032cb4       __fload                    10033cb4 f   LIBCMTD:87cdisp.obj
 0001:00032cf0       ___libm_error_support      10033cf0 f   LIBCMTD:libm_error.obj
 0001:00033700       __ceil_default             10034700 f   LIBCMTD:ceil.obj
 0001:00033840       __floor_default            10034840 f   LIBCMTD:floor.obj
 0001:00033980       _fdiv_main_routine         10034980 f   LIBCMTD:adj_fdiv.obj
 0001:00033a97       __adj_fdiv_r               10034a97 f   LIBCMTD:adj_fdiv.obj
 0001:00033f36       __fdivp_sti_st             10034f36 f   LIBCMTD:adj_fdiv.obj
 0001:00033f49       __fdivrp_sti_st            10034f49 f   LIBCMTD:adj_fdiv.obj
 0001:00033f5c       __adj_fdiv_m32             10034f5c f   LIBCMTD:adj_fdiv.obj
 0001:00033fa8       __adj_fdiv_m64             10034fa8 f   LIBCMTD:adj_fdiv.obj
 0001:00033ff4       __adj_fdiv_m16i            10034ff4 f   LIBCMTD:adj_fdiv.obj
 0001:00034028       __adj_fdiv_m32i            10035028 f   LIBCMTD:adj_fdiv.obj
 0001:0003405c       __adj_fdivr_m32            1003505c f   LIBCMTD:adj_fdiv.obj
 0001:000340a8       __adj_fdivr_m64            100350a8 f   LIBCMTD:adj_fdiv.obj
 0001:000340f4       __adj_fdivr_m16i           100350f4 f   LIBCMTD:adj_fdiv.obj
 0001:00034128       __adj_fdivr_m32i           10035128 f   LIBCMTD:adj_fdiv.obj
 0001:0003415c       __safe_fdiv                1003515c f   LIBCMTD:adj_fdiv.obj
 0001:00034171       __safe_fdivr               10035171 f   LIBCMTD:adj_fdiv.obj
 0001:00034186       __fprem_common             10035186 f   LIBCMTD:adj_fdiv.obj
 0001:0003438c       __adj_fprem                1003538c f   LIBCMTD:adj_fdiv.obj
 0001:0003443e       __fprem1_common            1003543e f   LIBCMTD:adj_fdiv.obj
 0001:00034644       __adj_fprem1               10035644 f   LIBCMTD:adj_fdiv.obj
 0001:000346f9       __safe_fprem               100356f9 f   LIBCMTD:adj_fdiv.obj
 0001:000346ff       __safe_fprem1              100356ff f   LIBCMTD:adj_fdiv.obj
 0001:00034705       __adj_fpatan               10035705 f   LIBCMTD:adj_fdiv.obj
 0001:00034708       __adj_fptan                10035708 f   LIBCMTD:adj_fdiv.obj
 0001:00034710       __CIpow_pentium4           10035710 f   LIBCMTD:pow_pentium4.obj
 0001:00034729       __pow_pentium4             10035729     LIBCMTD:pow_pentium4.obj
 0001:00035271       __fFEXP                    10036271     LIBCMTD:87tran.obj
 0001:000352d8       __rtinfpopse               100362d8     LIBCMTD:87tran.obj
 0001:000352da       __rtinfnpopse              100362da     LIBCMTD:87tran.obj
 0001:000352ea       __fFLN                     100362ea     LIBCMTD:87tran.obj
 0001:0003539f       __rtinfpop                 1003639f     LIBCMTD:87tran.obj
 0001:000353a1       __rtinfnpop                100363a1     LIBCMTD:87tran.obj
 0001:000353be       __ffexpm1                  100363be     LIBCMTD:87tran.obj
 0001:00035470       __powhlp                   10036470 f   LIBCMTD:powhlp.obj
 0001:00035670       __d_inttype                10036670 f   LIBCMTD:powhlp.obj
 0001:00035700       __CIlog_pentium4           10036700 f   LIBCMTD:log_pentium4.obj
 0001:00035718       __log_pentium4             10036718     LIBCMTD:log_pentium4.obj
 0001:00035970       __CIlog10_pentium4         10036970 f   LIBCMTD:log10_pentium4.obj
 0001:00035988       __log10_pentium4           10036988     LIBCMTD:log10_pentium4.obj
 0001:00035c00       __CIexp_pentium4           10036c00 f   LIBCMTD:exp_pentium4.obj
 0001:00035c18       __exp_pentium4             10036c18     LIBCMTD:exp_pentium4.obj
 0001:00035ec0       __copysign                 10036ec0 f   LIBCMTD:ieeemisc.obj
 0001:00035ef0       __chgsign                  10036ef0 f   LIBCMTD:ieeemisc.obj
 0001:00035f20       __scalb                    10036f20 f   LIBCMTD:ieeemisc.obj
 0001:00035f40       __logb                     10036f40 f   LIBCMTD:ieeemisc.obj
 0001:00036070       __nextafter                10037070 f   LIBCMTD:ieeemisc.obj
 0001:000363a0       __finite                   100373a0 f   LIBCMTD:ieeemisc.obj
 0001:000363c0       __isnan                    100373c0 f   LIBCMTD:ieeemisc.obj
 0001:00036400       __fpclass                  10037400 f   LIBCMTD:ieeemisc.obj
 0001:000364d0       ___crtLCMapStringA         100374d0 f   LIBCMTD:a_map.obj
 0001:00036a90       __flsbuf                   10037a90 f   LIBCMTD:_flsbuf.obj
 0001:00036cf0       __access                   10037cf0 f   LIBCMTD:access.obj
 0001:00036d50       __open                     10037d50 f   LIBCMTD:open.obj
 0001:00036e00       __sopen                    10037e00 f   LIBCMTD:open.obj
 0001:000373b0       __itoa                     100383b0 f   LIBCMTD:xtoa.obj
 0001:000374d0       __ltoa                     100384d0 f   LIBCMTD:xtoa.obj
 0001:00037510       __ultoa                    10038510 f   LIBCMTD:xtoa.obj
 0001:00037530       __i64toa                   10038530 f   LIBCMTD:xtoa.obj
 0001:00037680       __ui64toa                  10038680 f   LIBCMTD:xtoa.obj
 0001:000376a0       __getpid                   100386a0 f   LIBCMTD:getpid.obj
 0001:000376b0       __mbsrchr                  100386b0 f   LIBCMTD:mbsrchr.obj
 0001:00037780       __rmtmp                    10038780 f   LIBCMTD:rmtmp.obj
 0001:000378d0       __input                    100388d0 f   LIBCMTD:input.obj
 0001:00038d40       __getbuf                   10039d40 f   LIBCMTD:_getbuf.obj
 0001:00038e00       __read                     10039e00 f   LIBCMTD:read.obj
 0001:00038f10       __read_lk                  10039f10 f   LIBCMTD:read.obj
 0001:00039350       __lseek                    1003a350 f   LIBCMTD:lseek.obj
 0001:00039460       __lseek_lk                 1003a460 f   LIBCMTD:lseek.obj
 0001:00039520       __spawnvpe                 1003a520 f   LIBCMTD:spawnvpe.obj
 0001:000397e0       __spawnve                  1003a7e0 f   LIBCMTD:spawnve.obj
 0001:00039a50       __mbsnbicoll               1003aa50 f   LIBCMTD:mbsnbico.obj
 0001:00039ac0       ___wtomb_environ           1003aac0 f   LIBCMTD:wtombenv.obj
 0001:00039bb0       __aulldiv                  1003abb0 f   LIBCMTD:ulldiv.obj
 0001:00039c20       __allshl                   1003ac20 f   LIBCMTD:llshl.obj
 0001:00039c40       ___tzset                   1003ac40 f   LIBCMTD:tzset.obj
 0001:00039cd0       __tzset                    1003acd0 f   LIBCMTD:tzset.obj
 0001:0003a160       __isindst                  1003b160 f   LIBCMTD:tzset.obj
 0001:0003a740       ___ascii_stricmp           1003b740 f   LIBCMTD:_stricmp.obj
 0001:0003a790       __resetstkoflw             1003b790 f   LIBCMTD:resetstk.obj
 0001:0003a8e0       ___pwctype_func            1003b8e0 f   LIBCMTD:ctype.obj
 0001:0003a8f0       ___pctype_func             1003b8f0 f   LIBCMTD:ctype.obj
 0001:0003a900       _localeconv                1003b900 f   LIBCMTD:lconv.obj
 0001:0003a910       ___init_time               1003b910 f   LIBCMTD:inittime.obj
 0001:0003af20       ___free_lc_time            1003bf20 f   LIBCMTD:inittime.obj
 0001:0003b230       ___init_numeric            1003c230 f   LIBCMTD:initnum.obj
 0001:0003b570       ___free_lconv_num          1003c570 f   LIBCMTD:initnum.obj
 0001:0003b610       ___init_monetary           1003c610 f   LIBCMTD:initmon.obj
 0001:0003ba10       ___free_lconv_mon          1003ca10 f   LIBCMTD:initmon.obj
 0001:0003bb70       ___init_ctype              1003cb70 f   LIBCMTD:initctyp.obj
 0001:0003be30       ____mb_cur_max_func        1003ce30 f   LIBCMTD:initctyp.obj
 0001:0003be40       ____lc_codepage_func       1003ce40 f   LIBCMTD:initctyp.obj
 0001:0003be70       ____lc_collate_cp_func     1003ce70 f   LIBCMTD:initctyp.obj
 0001:0003bea0       ____lc_handle_func         1003cea0 f   LIBCMTD:initctyp.obj
 0001:0003bed0       ___init_collate            1003ced0 f   LIBCMTD:initcoll.obj
 0001:0003bee0       _strcmp                    1003cee0 f   LIBCMTD:strcmp.obj
 0001:0003bf70       _strncmp                   1003cf70 f   LIBCMTD:strncmp.obj
 0001:0003bfb0       _memcmp                    1003cfb0 f   LIBCMTD:memcmp.obj
 0001:0003c070       ___crtGetStringTypeA       1003d070 f   LIBCMTD:a_str.obj
 0001:0003c310       ___get_qualified_locale    1003d310 f   LIBCMTD:getqloc.obj
 0001:0003d140       __onexit                   1003e140 f   LIBCMTD:onexit.obj
 0001:0003d2a0       _atexit                    1003e2a0 f   LIBCMTD:onexit.obj
 0001:0003d2c0       ___onexitinit              1003e2c0 f   LIBCMTD:onexit.obj
 0001:0003d310       __rt_probe_read4@4         1003e310 f   LIBCMTD:sehsupp.obj
 0001:0003d3a0       ___crtCompareStringA       1003e3a0 f   LIBCMTD:a_cmp.obj
 0001:0003d960       __fltin2                   1003e960 f   LIBCMTD:cfin.obj
 0001:0003da40       __statusfp                 1003ea40 f   LIBCMTD:ieee87.obj
 0001:0003da60       __clearfp                  1003ea60 f   LIBCMTD:ieee87.obj
 0001:0003da80       __control87                1003ea80 f   LIBCMTD:ieee87.obj
 0001:0003dad0       __controlfp                1003ead0 f   LIBCMTD:ieee87.obj
 0001:0003daf0       __fpreset                  1003eaf0 f   LIBCMTD:ieee87.obj
 0001:0003de80       __ZeroTail                 1003ee80 f   LIBCMTD:intrncvt.obj
 0001:0003df10       __IncMan                   1003ef10 f   LIBCMTD:intrncvt.obj
 0001:0003dfc0       __RoundMan                 1003efc0 f   LIBCMTD:intrncvt.obj
 0001:0003e0a0       __CopyMan                  1003f0a0 f   LIBCMTD:intrncvt.obj
 0001:0003e0f0       __FillZeroMan              1003f0f0 f   LIBCMTD:intrncvt.obj
 0001:0003e120       __IsZeroMan                1003f120 f   LIBCMTD:intrncvt.obj
 0001:0003e160       __ShrMan                   1003f160 f   LIBCMTD:intrncvt.obj
 0001:0003e250       __ld12cvt                  1003f250 f   LIBCMTD:intrncvt.obj
 0001:0003e490       __ld12tod                  1003f490 f   LIBCMTD:intrncvt.obj
 0001:0003e4b0       __ld12tof                  1003f4b0 f   LIBCMTD:intrncvt.obj
 0001:0003e4d0       __ld12told                 1003f4d0 f   LIBCMTD:intrncvt.obj
 0001:0003e580       __atodbl                   1003f580 f   LIBCMTD:intrncvt.obj
 0001:0003e5d0       __atoldbl                  1003f5d0 f   LIBCMTD:intrncvt.obj
 0001:0003e620       __atoflt                   1003f620 f   LIBCMTD:intrncvt.obj
 0001:0003e670       __fptostr                  1003f670 f   LIBCMTD:_fptostr.obj
 0001:0003e770       __fltout2                  1003f770 f   LIBCMTD:cfout.obj
 0001:0003e800       ___dtold                   1003f800 f   LIBCMTD:cfout.obj
 0001:0003e950       _memmove                   1003f950 f   LIBCMTD:memmove.obj
 0001:0003ec90       __fptrap                   1003fc90 f   LIBCMTD:crt0fp.obj
 0001:0003eca0       __isatty                   1003fca0 f   LIBCMTD:isatty.obj
 0001:0003ece0       _wctomb                    1003fce0 f   LIBCMTD:wctomb.obj
 0001:0003ed20       ___wctomb_mt               1003fd20 f   LIBCMTD:wctomb.obj
 0001:0003edc0       __aullrem                  1003fdc0 f   LIBCMTD:ullrem.obj
 0001:0003ee40       __snprintf                 1003fe40 f   LIBCMTD:snprintf.obj
 0001:0003ef30       __vsnprintf                1003ff30 f   LIBCMTD:vsnprint.obj
 0001:0003f000       _signal                    10040000 f   LIBCMTD:winsig.obj
 0001:0003f340       _raise                     10040340 f   LIBCMTD:winsig.obj
 0001:0003f600       ___fpecode                 10040600 f   LIBCMTD:winsig.obj
 0001:0003f610       ___pxcptinfoptrs           10040610 f   LIBCMTD:winsig.obj
 0001:0003f620       ___crtMessageBoxA          10040620 f   LIBCMTD:crtmbox.obj
 0001:0003f790       __ValidateEH3RN            10040790 f   LIBCMTD:eh3valid.obj
 0001:0003fb80       ___crtInitCritSecAndSpinCount 10040b80 f   LIBCMTD:initcrit.obj
 0001:0003fca0       ___updatetmbcinfo          10040ca0 f   LIBCMTD:mbctype.obj
 0001:0003fd70       __setmbcp                  10040d70 f   LIBCMTD:mbctype.obj
 0001:000406b0       __getmbcp                  100416b0 f   LIBCMTD:mbctype.obj
 0001:000406d0       ___initmbctable            100416d0 f   LIBCMTD:mbctype.obj
 0001:00040700       __alloc_osfhnd             10041700 f   LIBCMTD:osfinfo.obj
 0001:00040980       __set_osfhnd               10041980 f   LIBCMTD:osfinfo.obj
 0001:00040a40       __free_osfhnd              10041a40 f   LIBCMTD:osfinfo.obj
 0001:00040b20       __get_osfhandle            10041b20 f   LIBCMTD:osfinfo.obj
 0001:00040b90       __open_osfhandle           10041b90 f   LIBCMTD:osfinfo.obj
 0001:00040ce0       __lock_fhandle             10041ce0 f   LIBCMTD:osfinfo.obj
 0001:00040dd0       __unlock_fhandle           10041dd0 f   LIBCMTD:osfinfo.obj
 0001:00040e00       __lseeki64                 10041e00 f   LIBCMTD:lseeki64.obj
 0001:00040f20       __lseeki64_lk              10041f20 f   LIBCMTD:lseeki64.obj
 0001:00040ff0       __matherr                  10041ff0 f   LIBCMTD:matherr.obj
 0001:00041000       __87except                 10042000 f   LIBCMTD:87except.obj
 0001:000411b0       __frnd                     100421b0 f   LIBCMTD:frnd.obj
 0001:000411d0       ___ansicp                  100421d0 f   LIBCMTD:convrtcp.obj
 0001:00041230       ___convertcp               10042230 f   LIBCMTD:convrtcp.obj
 0001:000414d0       __chsize                   100424d0 f   LIBCMTD:chsize.obj
 0001:000415c0       __chsize_lk                100425c0 f   LIBCMTD:chsize.obj
 0001:000417a0       _strrchr                   100427a0 f   LIBCMTD:strrchr.obj
 0001:000417d0       _mbtowc                    100427d0 f   LIBCMTD:mbtowc.obj
 0001:00041810       ___mbtowc_mt               10042810 f   LIBCMTD:mbtowc.obj
 0001:00041960       __getpath                  10042960 f   LIBCMTD:getpath.obj
 0001:00041a80       __mbschr                   10042a80 f   LIBCMTD:mbschr.obj
 0001:00041b50       __dospawn                  10042b50 f   LIBCMTD:dospawn.obj
 0001:00041ec0       __cenvarg                  10042ec0 f   LIBCMTD:cenvarg.obj
 0001:00042270       ___crtsetenv               10043270 f   LIBCMTD:setenv.obj
 0001:00042760       _atol                      10043760 f   LIBCMTD:atox.obj
 0001:00042870       _atoi                      10043870 f   LIBCMTD:atox.obj
 0001:00042890       __atoi64                   10043890 f   LIBCMTD:atox.obj
 0001:000429d0       ___getlocaleinfo           100439d0 f   LIBCMTD:inithelp.obj
 0001:00042c30       _stricmp                   10043c30 f   LIBCMTD:stricmp.obj
 0001:00042c30       __stricmp                  10043c30 f   LIBCMTD:stricmp.obj
 0001:00042ce0       __strnicmp                 10043ce0 f   LIBCMTD:strnicmp.obj
 0001:00042da0       ___strgtold12              10043da0 f   LIBCMTD:strgtold.obj
 0001:000437a0       ___STRINGTOLD              100447a0 f   LIBCMTD:strgtold.obj
 0001:00043800       ___addl                    10044800 f   LIBCMTD:mantold.obj
 0001:00043840       ___add_12                  10044840 f   LIBCMTD:mantold.obj
 0001:000438f0       ___shl_12                  100448f0 f   LIBCMTD:mantold.obj
 0001:00043950       ___shr_12                  10044950 f   LIBCMTD:mantold.obj
 0001:000439c0       ___mtold12                 100449c0 f   LIBCMTD:mantold.obj
 0001:00043b10       _$I10_OUTPUT               10044b10 f   LIBCMTD:x10fout.obj
 0001:00043ff0       __setmode                  10044ff0 f   LIBCMTD:setmode.obj
 0001:000440e0       __setmode_lk               100450e0 f   LIBCMTD:setmode.obj
 0001:000441c0       __allmul                   100451c0 f   LIBCMTD:llmul.obj
 0001:00044200       ___crtGetLocaleInfoW       10045200 f   LIBCMTD:w_loc.obj
 0001:000443e0       ___crtGetLocaleInfoA       100453e0 f   LIBCMTD:a_loc.obj
 0001:000445d0       ___ascii_strnicmp          100455d0 f   LIBCMTD:_strnicm.obj
 0001:00044640       ___ld12mul                 10045640 f   LIBCMTD:tenpow.obj
 0001:00044a30       ___multtenpow12            10045a30 f   LIBCMTD:tenpow.obj
 0001:00044afe       _EnterCriticalSection@4    10045afe f   kernel32:KERNEL32.dll
 0001:00044b04       _LeaveCriticalSection@4    10045b04 f   kernel32:KERNEL32.dll
 0001:00044b0a       _IsBadWritePtr@8           10045b0a f   kernel32:KERNEL32.dll
 0001:00044b10       _IsBadReadPtr@8            10045b10 f   kernel32:KERNEL32.dll
 0001:00044b16       _HeapValidate@12           10045b16 f   kernel32:KERNEL32.dll
 0001:00044b1c       _DebugBreak@0              10045b1c f   kernel32:KERNEL32.dll
 0001:00044b22       _RaiseException@16         10045b22 f   kernel32:KERNEL32.dll
 0001:00044b28       _GetVersionExA@4           10045b28 f   kernel32:KERNEL32.dll
 0001:00044b2e       _GetProcAddress@8          10045b2e f   kernel32:KERNEL32.dll
 0001:00044b34       _LoadLibraryA@4            10045b34 f   kernel32:KERNEL32.dll
 0001:00044b3a       _GetCurrentThreadId@0      10045b3a f   kernel32:KERNEL32.dll
 0001:00044b40       _GetCommandLineA@0         10045b40 f   kernel32:KERNEL32.dll
 0001:00044b46       _ExitProcess@4             10045b46 f   kernel32:KERNEL32.dll
 0001:00044b4c       _GetLastError@0            10045b4c f   kernel32:KERNEL32.dll
 0001:00044b52       _DeleteFileA@4             10045b52 f   kernel32:KERNEL32.dll
 0001:00044b58       _MoveFileA@8               10045b58 f   kernel32:KERNEL32.dll
 0001:00044b5e       _GetSystemTimeAsFileTime@4 10045b5e f   kernel32:KERNEL32.dll
 0001:00044b64       _GetTimeFormatA@24         10045b64 f   kernel32:KERNEL32.dll
 0001:00044b6a       _GetDateFormatA@24         10045b6a f   kernel32:KERNEL32.dll
 0001:00044b70       _TerminateProcess@8        10045b70 f   kernel32:KERNEL32.dll
 0001:00044b76       _GetCurrentProcess@0       10045b76 f   kernel32:KERNEL32.dll
 0001:00044b7c       _GetModuleHandleA@4        10045b7c f   kernel32:KERNEL32.dll
 0001:00044b82       _GetStdHandle@4            10045b82 f   kernel32:KERNEL32.dll
 0001:00044b88       _WriteFile@20              10045b88 f   kernel32:KERNEL32.dll
 0001:00044b8e       _InterlockedDecrement@4    10045b8e f   kernel32:KERNEL32.dll
 0001:00044b94       _OutputDebugStringA@4      10045b94 f   kernel32:KERNEL32.dll
 0001:00044b9a       _InterlockedIncrement@4    10045b9a f   kernel32:KERNEL32.dll
 0001:00044ba0       _GetModuleFileNameA@12     10045ba0 f   kernel32:KERNEL32.dll
 0001:00044ba6       _RtlUnwind@16              10045ba6 f   kernel32:KERNEL32.dll
 0001:00044bac       _SetHandleCount@4          10045bac f   kernel32:KERNEL32.dll
 0001:00044bb2       _GetFileType@4             10045bb2 f   kernel32:KERNEL32.dll
 0001:00044bb8       _GetStartupInfoA@4         10045bb8 f   kernel32:KERNEL32.dll
 0001:00044bbe       _DeleteCriticalSection@4   10045bbe f   kernel32:KERNEL32.dll
 0001:00044bc4       _FatalAppExitA@8           10045bc4 f   kernel32:KERNEL32.dll
 0001:00044bca       _HeapAlloc@12              10045bca f   kernel32:KERNEL32.dll
 0001:00044bd0       _HeapReAlloc@16            10045bd0 f   kernel32:KERNEL32.dll
 0001:00044bd6       _HeapFree@12               10045bd6 f   kernel32:KERNEL32.dll
 0001:00044bdc       _HeapDestroy@4             10045bdc f   kernel32:KERNEL32.dll
 0001:00044be2       _HeapCreate@12             10045be2 f   kernel32:KERNEL32.dll
 0001:00044be8       _VirtualFree@12            10045be8 f   kernel32:KERNEL32.dll
 0001:00044bee       _VirtualAlloc@16           10045bee f   kernel32:KERNEL32.dll
 0001:00044bf4       _TlsAlloc@0                10045bf4 f   kernel32:KERNEL32.dll
 0001:00044bfa       _TlsFree@4                 10045bfa f   kernel32:KERNEL32.dll
 0001:00044c00       _TlsSetValue@8             10045c00 f   kernel32:KERNEL32.dll
 0001:00044c06       _TlsGetValue@4             10045c06 f   kernel32:KERNEL32.dll
 0001:00044c0c       _SetLastError@4            10045c0c f   kernel32:KERNEL32.dll
 0001:00044c12       _GetCurrentThread@0        10045c12 f   kernel32:KERNEL32.dll
 0001:00044c18       _CloseHandle@4             10045c18 f   kernel32:KERNEL32.dll
 0001:00044c1e       _FlushFileBuffers@4        10045c1e f   kernel32:KERNEL32.dll
 0001:00044c24       _GetProcessHeap@0          10045c24 f   kernel32:KERNEL32.dll
 0001:00044c2a       _FreeLibrary@4             10045c2a f   kernel32:KERNEL32.dll
 0001:00044c30       _FreeEnvironmentStringsA@4 10045c30 f   kernel32:KERNEL32.dll
 0001:00044c36       _GetEnvironmentStrings@0   10045c36 f   kernel32:KERNEL32.dll
 0001:00044c3c       _FreeEnvironmentStringsW@4 10045c3c f   kernel32:KERNEL32.dll
 0001:00044c42       _WideCharToMultiByte@32    10045c42 f   kernel32:KERNEL32.dll
 0001:00044c48       _GetEnvironmentStringsW@0  10045c48 f   kernel32:KERNEL32.dll
 0001:00044c4e       _UnhandledExceptionFilter@4 10045c4e f   kernel32:KERNEL32.dll
 0001:00044c54       _QueryPerformanceCounter@4 10045c54 f   kernel32:KERNEL32.dll
 0001:00044c5a       _GetTickCount@0            10045c5a f   kernel32:KERNEL32.dll
 0001:00044c60       _GetCurrentProcessId@0     10045c60 f   kernel32:KERNEL32.dll
 0001:00044c66       _MultiByteToWideChar@24    10045c66 f   kernel32:KERNEL32.dll
[...]

    42 0001:0002c940    45 0001:0002c963    46 0001:0002c969    51 0001:0002c96e
    56 0001:0002c977    57 0001:0002c981    60 0001:0002c988    61 0001:0002c99d
    66 0001:0002c9bb    70 0001:0002c9c6    71 0001:0002c9cc    98 0001:0002c9df
   101 0001:0002c9e1   103 0001:0002c9f3

Line numbers for C:\Program Files\Microsoft Visual Studio .NET 2003\Vc7\lib\LIBCMTD.lib(f:\vs70builds\3077\vc\crtbld\crt\src\expand.c) segment .text

    57 0001:0002c570    62 0001:0002c593    63 0001:0002c599    66 0001:0002c5a0
    71 0001:0002c5ad    72 0001:0002c5b7    77 0001:0002c5be    79 0001:0002c5d3
    81 0001:0002c5da    82 0001:0002c5fd    88 0001:0002c611    92 0001:0002c61c
    95 0001:0002c622    96 0001:0002c628    97 0001:0002c62f   100 0001:0002c63b
   149 0001:0002c654   153 0001:0002c656   154 0001:0002c65c   157 0001:0002c663
   167 0001:0002c67c   168 0001:0002c67f

Line numbers for C:\Program Files\Microsoft Visual Studio .NET 2003\Vc7\lib\LIBCMTD.lib(f:\vs70builds\3077\vc\crtbld\crt\src\resetstk.c) segment .text

    30 0001:0003a790    40 0001:0003a796    44 0001:0003a7a9    45 0001:0003a7bd
    46 0001:0003a7c4    51 0001:0003a7ca    52 0001:0003a7d4    55 0001:0003a7da
    63 0001:0003a7eb    65 0001:0003a808    66 0001:0003a810    73 0001:0003a817
    77 0001:0003a820    79 0001:0003a826    80 0001:0003a83a    81 0001:0003a841
    82 0001:0003a84a    83 0001:0003a855    88 0001:0003a85b    89 0001:0003a865
    94 0001:0003a86c    95 0001:0003a874   100 0001:0003a878   101 0001:0003a880
   103 0001:0003a886   105 0001:0003a89b   106 0001:0003a89d   113 0001:0003a8a3
   115 0001:0003a8bc   116 0001:0003a8d2

Line numbers for C:\Program Files\Microsoft Visual Studio .NET 2003\Vc7\lib\LIBCMTD.lib(f:\vs70builds\3077\vc\crtbld\crt\src\system.c) segment .text

    44 0001:00024d40    48 0001:00024d46    55 0001:00024d56    56 0001:00024d5c
    59 0001:00024d89    61 0001:00024db1    62 0001:00024db8    63 0001:00024dbe
    67 0001:00024dc5    69 0001:00024dcb    70 0001:00024dfc    73 0001:00024e01
    77 0001:00024e25    78 0001:00024e39

Line numbers for C:\Program Files\Microsoft Visual Studio .NET 2003\Vc7\lib\LIBCMTD.lib(f:\vs70builds\3077\vc\crtbld\crt\src\spawnvpe.c) segment .text

    71 0001:00039520    74 0001:00039527    76 0001:0003952e    77 0001:00039552
    78 0001:0003957a    79 0001:0003959e    80 0001:000395c4   100 0001:000395ee
   101 0001:00039660   115 0001:00039665   118 0001:00039695   123 0001:000396ab
   124 0001:000396b6   126 0001:000396c9   128 0001:000396da   129 0001:000396e7
   138 0001:000396f8   139 0001:0003971c   140 0001:0003972c   141 0001:0003972e
   150 0001:00039733   154 0001:000397ba   156 0001:000397bc   159 0001:000397c1
   160 0001:000397c7   161 0001:000397d5   162 0001:000397d8

Line numbers for C:\Program Files\Microsoft Visual Studio .NET 2003\Vc7\lib\LIBCMTD.lib(f:\vs70builds\3077\vc\crtbld\crt\src\spawnve.c) segment .text

   206 0001:000397e0   210 0001:000397e6   214 0001:000397ec   215 0001:000397fd
   221 0001:0003980e   222 0001:00039814   223 0001:0003981a   230 0001:00039831
   231 0001:0003985e   233 0001:00039866   234 0001:00039877   238 0001:00039887
   243 0001:00039890   244 0001:000398a0   247 0001:000398a6   249 0001:000398ad
   253 0001:000398c4   260 0001:000398d7   275 0001:000398f2   279 0001:000398f7
   280 0001:00039924   282 0001:0003992c   283 0001:0003993c   285 0001:0003994e
   286 0001:00039966   288 0001:0003997d   294 0001:00039990   303 0001:000399ab
   305 0001:000399ad   306 0001:000399af   309 0001:000399bd   310 0001:000399c5
   312 0001:000399d3   313 0001:000399d6   106 0001:000399e0   114 0001:000399e6
   116 0001:00039a07   122 0001:00039a0c   133 0001:00039a27   134 0001:00039a35
   136 0001:00039a43   137 0001:00039a46

Line numbers for C:\Program Files\Microsoft Visual Studio .NET 2003\Vc7\lib\LIBCMTD.lib(f:\vs70builds\3077\vc\crtbld\crt\src\dospawn.c) segment .text

    58 0001:00041b50    67 0001:00041b59    76 0001:00041b60    77 0001:00041b70
    78 0001:00041b8f    80 0001:00041b95    81 0001:00041b97    82 0001:00041b9d
    85 0001:00041ba3    86 0001:00041bae    87 0001:00041bb9    95 0001:00041bc1
    96 0001:00041bc7    97 0001:00041bd1    98 0001:00041bdb    99 0001:00041be4
   104 0001:00041be6   105 0001:00041bf1   107 0001:00041c00   109 0001:00041c02
   110 0001:00041c12   114 0001:00041c19   118 0001:00041c59   120 0001:00041c66
   122 0001:00041c81   129 0001:00041c89   131 0001:00041cd4   132 0001:00041cf0
   133 0001:00041cff   134 0001:00041d0d   136 0001:00041d1d   137 0001:00041d1f
   138 0001:00041d25   140 0001:00041d31   146 0001:00041d36   153 0001:00041d42
   155 0001:00041dab   156 0001:00041db1   157 0001:00041dbd   159 0001:00041dbf
   168 0001:00041dc8   185 0001:00041dde   187 0001:00041e0a   188 0001:00041e13
   190 0001:00041e21   191 0001:00041e2a   192 0001:00041e36   195 0001:00041e3b
   197 0001:00041e41   199 0001:00041e48   200 0001:00041e4e   204 0001:00041e5a
   206 0001:00041e68   208 0001:00041e6e   210 0001:00041e78   213 0001:00041e80
   214 0001:00041e8a   216 0001:00041e91   218 0001:00041e93   221 0001:00041e99
   222 0001:00041ea3   223 0001:00041ea6

Line numbers for C:\Program Files\Microsoft Visual Studio .NET 2003\Vc7\lib\LIBCMTD.lib(f:\vs70builds\3077\vc\crtbld\crt\src\cenvarg.c) segment .text

    67 0001:00041ec0    89 0001:00041ec6    91 0001:00041f06    97 0001:00041f0c
    99 0001:00041f2e   100 0001:00041f37   101 0001:00041f42   102 0001:00041f4d
   111 0001:00041f55   112 0001:00041f5b   118 0001:00041f9b   120 0001:00041fa2
   121 0001:00041fa8   122 0001:00041fb1   139 0001:00041fb6   141 0001:00041fbf
   142 0001:00041fd2   152 0001:00041fda   154 0001:0004201f   157 0001:00042021
   161 0001:00042027   163 0001:0004206b   164 0001:0004208a   165 0001:0004208c
   170 0001:00042098   172 0001:000420bd   173 0001:000420cd   174 0001:000420d6
   175 0001:000420e1   176 0001:000420ec   187 0001:000420f4   188 0001:000420fc
   190 0001:00042102   191 0001:0004210a   192 0001:00042113   193 0001:00042115
   194 0001:00042127   197 0001:0004214e   198 0001:00042156   199 0001:00042168
   200 0001:0004218b   201 0001:0004219a   203 0001:0004219c   210 0001:000421a9
   212 0001:000421b1   216 0001:000421b7   217 0001:000421d4   222 0001:000421e0
   223 0001:000421e6   224 0001:000421ee   225 0001:00042200   226 0001:00042227
   229 0001:00042229   230 0001:0004222f   235 0001:00042239   240 0001:00042248
   247 0001:0004224e   248 0001:0004225e   250 0001:00042268   251 0001:0004226a

Line numbers for C:\Program Files\Microsoft Visual Studio .NET 2003\Vc7\lib\LIBCMTD.lib(f:\vs70builds\3077\vc\crtbld\crt\src\unlink.c) segment .text

    41 0001:00024e40    44 0001:00024e44    45 0001:00024e52    46 0001:00024e5b
    47 0001:00024e5d    49 0001:00024e64    51 0001:00024e6a    52 0001:00024e76
    55 0001:00024e7b    56 0001:00024e7d    61 0001:00024e90    63 0001:00024e93
    64 0001:00024e9f

Line numbers for C:\Program Files\Microsoft Visual Studio .NET 2003\Vc7\lib\LIBCMTD.lib(f:\vs70builds\3077\vc\crtbld\crt\src\rename.c) segment .text

    40 0001:00024eb0    45 0001:00024eb4    46 0001:00024ec6    47 0001:00024ecf
    48 0001:00024ed1    50 0001:00024ed8    52 0001:00024ede    53 0001:00024eea
    56 0001:00024eef    57 0001:00024ef1

Line numbers for C:\Program Files\Microsoft Visual Studio .NET 2003\Vc7\lib\LIBCMTD.lib(f:\vs70builds\3077\vc\crtbld\crt\src\getpid.c) segment .text

    35 0001:000376a0    36 0001:000376a3    37 0001:000376a9

Line numbers for C:\Program Files\Microsoft Visual Studio .NET 2003\Vc7\lib\LIBCMTD.lib(f:\vs70builds\3077\vc\crtbld\crt\src\dosmap.c) segment .text

   110 0001:00023a00   113 0001:00023a04   116 0001:00023a0e   117 0001:00023a26
   118 0001:00023a35   119 0001:00023a46   121 0001:00023a48   127 0001:00023a4a
   128 0001:00023a56   129 0001:00023a61   130 0001:00023a75   131 0001:00023a80
   132 0001:00023a82   133 0001:00023a8d   160 0001:00023aa0   161 0001:00023aa3
   162 0001:00023aab   167 0001:00023ab0   168 0001:00023ab3   169 0001:00023abb

Line numbers for C:\Program Files\Microsoft Visual Studio .NET 2003\Vc7\lib\LIBCMTD.lib(f:\vs70builds\3077\vc\crtbld\crt\src\access.c) segment .text

    45 0001:00036cf0    48 0001:00036cf4    49 0001:00036d01    51 0001:00036d07
    52 0001:00036d16    56 0001:00036d1b    58 0001:00036d2b    59 0001:00036d36
    60 0001:00036d41    64 0001:00036d46    66 0001:00036d48

Line numbers for C:\Program Files\Microsoft Visual Studio .NET 2003\Vc7\lib\LIBCMTD.lib(f:\vs70builds\3077\vc\crtbld\crt\src\xtoa.c) segment .text

    92 0001:000373b0    93 0001:000373b3    94 0001:000373bf    95 0001:000373d5
    96 0001:000373d7    97 0001:000373ed    98 0001:000373f0    43 0001:00037400
    49 0001:00037406    51 0001:0003740c    53 0001:00037412    54 0001:00037421
    57 0001:00037429    60 0001:0003742f    61 0001:0003743a    64 0001:00037445
    65 0001:0003744b    66 0001:0003745f    67 0001:00037461    68 0001:00037475
    73 0001:0003747b    76 0001:0003748a    77 0001:00037492    78 0001:0003749c
    79 0001:000374a4    80 0001:000374ad    81 0001:000374b6    82 0001:000374be
   105 0001:000374d0   106 0001:000374d4   107 0001:00037508   108 0001:0003750b
   115 0001:00037510   116 0001:00037513   117 0001:00037529   118 0001:0003752c
   177 0001:00037530   178 0001:00037534   179 0001:00037571   180 0001:00037574
   128 0001:00037580   134 0001:00037586   136 0001:0003758c   138 0001:00037592
   139 0001:000375a1   142 0001:000375b4   145 0001:000375ba   146 0001:000375d1
   149 0001:000375eb   150 0001:000375f1   151 0001:00037605   152 0001:00037607
   153 0001:0003761b   158 0001:00037629   161 0001:00037638   162 0001:00037640
   163 0001:0003764a   164 0001:00037652   165 0001:0003765b   166 0001:00037664
   167 0001:0003766c   187 0001:00037680   188 0001:00037683   189 0001:0003769a
   190 0001:0003769d

Line numbers for C:\Program Files\Microsoft Visual Studio .NET 2003\Vc7\lib\LIBCMTD.lib(f:\vs70builds\3077\vc\crtbld\crt\src\wctomb.c) segment .text

    48 0001:0003ece0    50 0001:0003ece4    52 0001:0003ecef    53 0001:0003ecfa
    55 0001:0003ed02    56 0001:0003ed17    63 0001:0003ed20    65 0001:0003ed26
    67 0001:0003ed2c    71 0001:0003ed33    76 0001:0003ed3c    78 0001:0003ed48
    79 0001:0003ed53    82 0001:0003ed58    83 0001:0003ed60    88 0001:0003ed67
   106 0001:0003ed6e   108 0001:0003eda3   109 0001:0003edae   112 0001:0003edb3
   115 0001:0003edb6

Line numbers for C:\Program Files\Microsoft Visual Studio .NET 2003\Vc7\lib\LIBCMTD.lib(f:\vs70builds\3077\vc\crtbld\crt\src\toupper.c) segment .text

    48 0001:00022f40    49 0001:00022f43    50 0001:00022f49    74 0001:00022f50
    77 0001:00022f54    79 0001:00022f5f    80 0001:00022f6a    82 0001:00022f72
    83 0001:00022f82   105 0001:00022f90   119 0001:00022f96   120 0001:00022fae
   124 0001:00022fd3   126 0001:00022fdc   131 0001:00023017   137 0001:0002301f
   141 0001:0002303f   142 0001:0002304e   143 0001:00023054   144 0001:00023058
   145 0001:0002305f   146 0001:00023061   147 0001:00023067   148 0001:0002306b
   167 0001:00023072   169 0001:000230a6   173 0001:000230ab   174 0001:000230b1
   176 0001:000230b7   178 0001:000230c4

Line numbers for C:\Program Files\Microsoft Visual Studio .NET 2003\Vc7\lib\LIBCMTD.lib(f:\vs70builds\3077\vc\crtbld\crt\src\tolower.c) segment .text

    47 0001:00022db0    48 0001:00022db3    49 0001:00022db9    72 0001:00022dc0
    75 0001:00022dc4    77 0001:00022dcf    78 0001:00022dda    80 0001:00022de2
    81 0001:00022df2   101 0001:00022e00   115 0001:00022e06   116 0001:00022e1e
   120 0001:00022e43   123 0001:00022e4c   128 0001:00022e87   134 0001:00022e8f
   139 0001:00022eaf   140 0001:00022ebe   141 0001:00022ec4   142 0001:00022ec8
   143 0001:00022ecf   144 0001:00022ed1   145 0001:00022ed7   146 0001:00022edb
   165 0001:00022ee2   167 0001:00022f16   171 0001:00022f1b   172 0001:00022f21
   174 0001:00022f27   176 0001:00022f34

Line numbers for C:\Program Files\Microsoft Visual Studio .NET 2003\Vc7\lib\LIBCMTD.lib(f:\vs70builds\3077\vc\crtbld\crt\src\strtol.c) segment .text

   209 0001:00028730   210 0001:00028733   211 0001:00028749    76 0001:00028750
    83 0001:00028756    85 0001:00028761    86 0001:0002876c    89 0001:00028774
    90 0001:0002877a    92 0001:00028781    94 0001:00028792    98 0001:000287cf
   100 0001:000287e2   101 0001:000287eb   102 0001:000287f4   104 0001:00028805
   105 0001:00028810   107 0001:00028821   109 0001:00028833   111 0001:00028839
   112 0001:00028841   114 0001:00028848   117 0001:0002884e   118 0001:00028857
   119 0001:0002885e   120 0001:00028876   121 0001:0002887d   122 0001:0002887f
   125 0001:00028886   127 0001:0002888c   128 0001:000288ab   129 0001:000288b4
   134 0001:000288c5   139 0001:000288d0   140 0001:000288e3   141 0001:000288ed
   142 0001:00028905   143 0001:00028933   144 0001:00028935   145 0001:00028937
   146 0001:0002893f   149 0001:00028941   156 0001:0002894a   158 0001:00028967
   160 0001:00028974   162 0001:00028976   165 0001:0002897f   166 0001:00028990
   168 0001:00028995   170 0001:0002899e   173 0001:000289a6   175 0001:000289ac
   176 0001:000289b2   178 0001:000289b9   181 0001:000289bb   184 0001:000289ed
   185 0001:000289f8   186 0001:00028a00   187 0001:00028a07   188 0001:00028a11
   189 0001:00028a18   190 0001:00028a1a   193 0001:00028a21   195 0001:00028a27
   197 0001:00028a2f   199 0001:00028a37   201 0001:00028a3f   202 0001:00028a42
   218 0001:00028a50   219 0001:00028a53   220 0001:00028a69

Line numbers for C:\Program Files\Microsoft Visual Studio .NET 2003\Vc7\lib\LIBCMTD.lib(f:\vs70builds\3077\vc\crtbld\crt\src\strtod.c) segment .text

    46 0001:00028c10    55 0001:00028c16    59 0001:00028c1c    60 0001:00028c2f
    66 0001:00028c3a    71 0001:00028c5e    72 0001:00028c64    74 0001:00028c72
    75 0001:00028c7a    78 0001:00028c84    79 0001:00028c8d    80 0001:00028c93
    82 0001:00028c9b    83 0001:00028ca7    84 0001:00028cb2    85 0001:00028cbd
    86 0001:00028cbf    87 0001:00028cc8    89 0001:00028cd3    90 0001:00028cdf
    91 0001:00028ce8    93 0001:00028cf3    94 0001:00028cf5    96 0001:00028cfe
    97 0001:00028d01

Line numbers for C:\Program Files\Microsoft Visual Studio .NET 2003\Vc7\lib\LIBCMTD.lib(f:\vs70builds\3077\vc\crtbld\crt\src\mbtowc.c) segment .text

    53 0001:000417d0    55 0001:000417d4    57 0001:000417df    58 0001:000417ea
    60 0001:000417f2    61 0001:0004180a    69 0001:00041810    70 0001:00041813
    74 0001:00041843    77 0001:0004184f    79 0001:00041856    82 0001:00041860
    83 0001:00041866    84 0001:0004186e    89 0001:00041875    94 0001:0004187e
    95 0001:00041884    96 0001:00041891   100 0001:0004189b   110 0001:000418b3
   113 0001:000418f3   115 0001:00041909   116 0001:00041914   119 0001:00041919
   156 0001:00041921   158 0001:00041948   159 0001:00041953   161 0001:00041958
   164 0001:0004195d

Line numbers for C:\Program Files\Microsoft Visual Studio .NET 2003\Vc7\lib\LIBCMTD.lib(f:\vs70builds\3077\vc\crtbld\crt\src\isctype.c) segment .text

    55 0001:0002ed20    56 0001:0002ed23    57 0001:0002ed4e    58 0001:0002ed5d
    67 0001:0002ed60    68 0001:0002ed63    69 0001:0002ed8e    70 0001:0002ed9e
   106 0001:0002eda0   108 0001:0002eda4   110 0001:0002edaf   111 0001:0002edba
   113 0001:0002edc2   114 0001:0002edd6   121 0001:0002ede0   128 0001:0002ede6
   130 0001:0002edf3   136 0001:0002ee08   141 0001:0002ee29   142 0001:0002ee37
   143 0001:0002ee3d   144 0001:0002ee41   145 0001:0002ee48   146 0001:0002ee4a
   147 0001:0002ee50   148 0001:0002ee54   162 0001:0002ee5b   164 0001:0002ee85
   167 0001:0002ee89   168 0001:0002ee90

Line numbers for C:\Program Files\Microsoft Visual Studio .NET 2003\Vc7\lib\LIBCMTD.lib(f:\vs70builds\3077\vc\crtbld\crt\src\atox.c) segment .text

    48 0001:00042760    53 0001:00042766    55 0001:00042771    56 0001:0004277c
    59 0001:00042784    63 0001:000427c5    65 0001:000427d0    66 0001:000427e2
    67 0001:000427e8    68 0001:000427f4    70 0001:00042806    72 0001:0004280d
    73 0001:00042837    74 0001:00042843    75 0001:00042855    77 0001:00042857
    78 0001:0004285d    80 0001:00042864    81 0001:00042867   106 0001:00042870
   107 0001:00042873   108 0001:0004287f   115 0001:00042890   120 0001:00042897
   122 0001:000428a2   123 0001:000428ad   126 0001:000428b5   130 0001:000428f6
   132 0001:00042901   133 0001:00042913   134 0001:00042919   135 0001:00042925
   137 0001:00042937   139 0001:00042945   140 0001:0004296f   141 0001:00042992
   142 0001:000429a4   144 0001:000429a6   145 0001:000429ac   147 0001:000429bb
   148 0001:000429c1

Line numbers for C:\Program Files\Microsoft Visual Studio .NET 2003\Vc7\lib\LIBCMTD.lib(f:\vs70builds\3077\vc\crtbld\crt\src\_fptostr.c) segment .text

    46 0001:0003e670    47 0001:0003e676    48 0001:0003e67c    56 0001:0003e685
    62 0001:0003e694    63 0001:0003e69a    64 0001:0003e6d0    65 0001:0003e6d9
    66 0001:0003e6db    73 0001:0003e6e1    74 0001:0003e6f2    75 0001:0003e6fb
    76 0001:0003e706    77 0001:0003e717    80 0001:0003e725    85 0001:0003e730
    87 0001:0003e73f    91 0001:0003e741    93 0001:0003e767

Line numbers for C:\Program Files\Microsoft Visual Studio .NET 2003\Vc7\lib\LIBCMTD.lib(f:\vs70builds\3077\vc\crtbld\crt\src\_ctype.c) segment .text

    46 0001:000230d0    48 0001:000230d6    50 0001:000230e1    51 0001:000230ec
    53 0001:000230f4    57 0001:00023132    62 0001:00023140    64 0001:00023146
    66 0001:00023151    67 0001:0002315c    69 0001:00023164    73 0001:0002319c
    78 0001:000231a0    80 0001:000231a6    82 0001:000231b1    83 0001:000231bc
    85 0001:000231c4    89 0001:000231fc    94 0001:00023200    96 0001:00023206
    98 0001:00023211    99 0001:0002321c   101 0001:00023224   105 0001:0002325c
   110 0001:00023260   112 0001:00023266   114 0001:00023271   115 0001:0002327c
   117 0001:00023284   121 0001:000232c2   126 0001:000232d0   128 0001:000232d6
   130 0001:000232e1   131 0001:000232ec   133 0001:000232f4   137 0001:0002332c
   142 0001:00023330   144 0001:00023336   146 0001:00023341   147 0001:0002334c
   149 0001:00023354   153 0001:0002338c   158 0001:00023390   160 0001:00023396
   162 0001:000233a1   163 0001:000233ac   165 0001:000233b4   169 0001:000233f2
   174 0001:00023400   176 0001:00023406   178 0001:00023411   179 0001:0002341c
   181 0001:00023424   185 0001:00023462   190 0001:00023470   192 0001:00023476
   194 0001:00023481   195 0001:0002348c   197 0001:00023494   201 0001:000234d2
   206 0001:000234e0   208 0001:000234e6   210 0001:000234f1   211 0001:000234fc
   213 0001:00023504   217 0001:0002353c   222 0001:00023540   223 0001:00023543
   224 0001:0002354e   229 0001:00023550   230 0001:00023553   231 0001:00023559
   236 0001:00023560   237 0001:00023564   238 0001:0002358d   243 0001:000235a0
   244 0001:000235a4   245 0001:000235cd

 Exports

  ordinal    name

        1    _CLU_CallScriptFunction
               exported name: CLU_CallScriptFunction
        2    _CLU_DllFree
               exported name: CLU_DllFree
        3    _CLU_GetCurrentState
               exported name: CLU_GetCurrentState
        4    _CLU_GetVirtualMachine
               exported name: CLU_GetVirtualMachine
        5    _CLU_Init
               exported name: CLU_Init
        6    _CLU_LoadScript
               exported name: CLU_LoadScript
        7    _CLU_LoadState
               exported name: CLU_LoadState
        8    _CLU_RegisterFunction
               exported name: CLU_RegisterFunction
        9    _CLU_RegisterStructure
               exported name: CLU_RegisterStructure
       10    _CLU_Shutdown
               exported name: CLU_Shutdown
       11    _CLU_ShutdownState
               exported name: CLU_ShutdownState
